╭ purple ── 22 ── ●20 ✖2 ──────────────────────────────────────────────────────────────────────────╮
│     NAME               ADDRESS                             TAGS                            LAST▾ │
│────╭ Files: bastion-ams ────────────────────────────────────────────────────────────────────╮────│
│▌  ●│ /demo                                       ...                                        │1m  │
│   ●│────────────────────────────────────────────────────────────────────────────────────────│1h  │
│   ●│   ..                                         Loading ~ ...                             │2h  │
│   ●│   (empty directory)                                                                    │3h  │
│   ●│                                                                                        │4h  │
│   ●│                                                                                        │5h  │
│   ●│                                                                                        │6h  │
│   ●│                                                                                        │7h  │
│   ●│                                                                                        │8h  │
│   ●│                                                                                        │0h  │
│   ●│                                                                                        │1h  │
│   ●│                                                                                        │2h  │
│   ●│                                                                                        │3h  │
│   ●│                                                                                        │4h  │
│   ●│                                                                                        │5h  │
│   ●│                                                                                        │6h  │
│   ●│                                                                                        │7h  │
│   ●│                                                                                        │8h  │
│   ●│                                                                                        │9h  │
│   ●│                                                                                        │0h  │
│   ✖│                                                                                        │9h  │
│   ✖│                                                                                        │1h  │
│    │                                                                                        │    │
│    │                                                                                        │    │
│    ╰────────────────────────────────────────────────────────────────────────────────────────╯    │
╰──── Enter  copy    Tab  switch    ^Space  select    ^A  all    s  sort:name    .  hidden    R.sh ╯
 Enter  connect    /  search    #  tag    v  detail    :  cmds                               ?  more
---STYLES---
(0,0) fg=DarkGray bg=Reset mod=DIM
(1,0) fg=White bg=Magenta mod=BOLD|DIM
(2,0) fg=White bg=Magenta mod=BOLD|DIM
(3,0) fg=White bg=Magenta mod=BOLD|DIM
(4,0) fg=White bg=Magenta mod=BOLD|DIM
(5,0) fg=White bg=Magenta mod=BOLD|DIM
(6,0) fg=White bg=Magenta mod=BOLD|DIM
(7,0) fg=White bg=Magenta mod=BOLD|DIM
(8,0) fg=White bg=Magenta mod=BOLD|DIM
(9,0) fg=DarkGray bg=Reset mod=DIM
(10,0) fg=DarkGray bg=Reset mod=DIM
(11,0) fg=DarkGray bg=Reset mod=DIM
(12,0) fg=DarkGray bg=Reset mod=BOLD|DIM
(13,0) fg=DarkGray bg=Reset mod=BOLD|DIM
(14,0) fg=DarkGray bg=Reset mod=BOLD|DIM
(15,0) fg=DarkGray bg=Reset mod=DIM
(16,0) fg=DarkGray bg=Reset mod=DIM
(17,0) fg=DarkGray bg=Reset mod=DIM
(18,0) fg=DarkGray bg=Reset mod=DIM
(19,0) fg=DarkGray bg=Reset mod=DIM
(20,0) fg=DarkGray bg=Reset mod=DIM
(21,0) fg=DarkGray bg=Reset mod=DIM
(22,0) fg=DarkGray bg=Reset mod=BOLD|DIM
(23,0) fg=DarkGray bg=Reset mod=BOLD|DIM
(24,0) fg=DarkGray bg=Reset mod=DIM
(25,0) fg=DarkGray bg=Reset mod=DIM
(26,0) fg=DarkGray bg=Reset mod=DIM
(27,0) fg=DarkGray bg=Reset mod=DIM
(28,0) fg=DarkGray bg=Reset mod=DIM
(29,0) fg=DarkGray bg=Reset mod=DIM
(30,0) fg=DarkGray bg=Reset mod=DIM
(31,0) fg=DarkGray bg=Reset mod=DIM
(32,0) fg=DarkGray bg=Reset mod=DIM
(33,0) fg=DarkGray bg=Reset mod=DIM
(34,0) fg=DarkGray bg=Reset mod=DIM
(35,0) fg=DarkGray bg=Reset mod=DIM
(36,0) fg=DarkGray bg=Reset mod=DIM
(37,0) fg=DarkGray bg=Reset mod=DIM
(38,0) fg=DarkGray bg=Reset mod=DIM
(39,0) fg=DarkGray bg=Reset mod=DIM
(40,0) fg=DarkGray bg=Reset mod=DIM
(41,0) fg=DarkGray bg=Reset mod=DIM
(42,0) fg=DarkGray bg=Reset mod=DIM
(43,0) fg=DarkGray bg=Reset mod=DIM
(44,0) fg=DarkGray bg=Reset mod=DIM
(45,0) fg=DarkGray bg=Reset mod=DIM
(46,0) fg=DarkGray bg=Reset mod=DIM
(47,0) fg=DarkGray bg=Reset mod=DIM
(48,0) fg=DarkGray bg=Reset mod=DIM
(49,0) fg=DarkGray bg=Reset mod=DIM
(50,0) fg=DarkGray bg=Reset mod=DIM
(51,0) fg=DarkGray bg=Reset mod=DIM
(52,0) fg=DarkGray bg=Reset mod=DIM
(53,0) fg=DarkGray bg=Reset mod=DIM
(54,0) fg=DarkGray bg=Reset mod=DIM
(55,0) fg=DarkGray bg=Reset mod=DIM
(56,0) fg=DarkGray bg=Reset mod=DIM
(57,0) fg=DarkGray bg=Reset mod=DIM
(58,0) fg=DarkGray bg=Reset mod=DIM
(59,0) fg=DarkGray bg=Reset mod=DIM
(60,0) fg=DarkGray bg=Reset mod=DIM
(61,0) fg=DarkGray bg=Reset mod=DIM
(62,0) fg=DarkGray bg=Reset mod=DIM
(63,0) fg=DarkGray bg=Reset mod=DIM
(64,0) fg=DarkGray bg=Reset mod=DIM
(65,0) fg=DarkGray bg=Reset mod=DIM
(66,0) fg=DarkGray bg=Reset mod=DIM
(67,0) fg=DarkGray bg=Reset mod=DIM
(68,0) fg=DarkGray bg=Reset mod=DIM
(69,0) fg=DarkGray bg=Reset mod=DIM
(70,0) fg=DarkGray bg=Reset mod=DIM
(71,0) fg=DarkGray bg=Reset mod=DIM
(72,0) fg=DarkGray bg=Reset mod=DIM
(73,0) fg=DarkGray bg=Reset mod=DIM
(74,0) fg=DarkGray bg=Reset mod=DIM
(75,0) fg=DarkGray bg=Reset mod=DIM
(76,0) fg=DarkGray bg=Reset mod=DIM
(77,0) fg=DarkGray bg=Reset mod=DIM
(78,0) fg=DarkGray bg=Reset mod=DIM
(79,0) fg=DarkGray bg=Reset mod=DIM
(80,0) fg=DarkGray bg=Reset mod=DIM
(81,0) fg=DarkGray bg=Reset mod=DIM
(82,0) fg=DarkGray bg=Reset mod=DIM
(83,0) fg=DarkGray bg=Reset mod=DIM
(84,0) fg=DarkGray bg=Reset mod=DIM
(85,0) fg=DarkGray bg=Reset mod=DIM
(86,0) fg=DarkGray bg=Reset mod=DIM
(87,0) fg=DarkGray bg=Reset mod=DIM
(88,0) fg=DarkGray bg=Reset mod=DIM
(89,0) fg=DarkGray bg=Reset mod=DIM
(90,0) fg=DarkGray bg=Reset mod=DIM
(91,0) fg=DarkGray bg=Reset mod=DIM
(92,0) fg=DarkGray bg=Reset mod=DIM
(93,0) fg=DarkGray bg=Reset mod=DIM
(94,0) fg=DarkGray bg=Reset mod=DIM
(95,0) fg=DarkGray bg=Reset mod=DIM
(96,0) fg=DarkGray bg=Reset mod=DIM
(97,0) fg=DarkGray bg=Reset mod=DIM
(98,0) fg=DarkGray bg=Reset mod=DIM
(99,0) fg=DarkGray bg=Reset mod=DIM
(0,1) fg=DarkGray bg=Reset mod=DIM
(1,1) fg=DarkGray bg=Reset mod=BOLD|DIM
(2,1) fg=DarkGray bg=Reset mod=BOLD|DIM
(3,1) fg=DarkGray bg=Reset mod=BOLD|DIM
(4,1) fg=DarkGray bg=Reset mod=BOLD|DIM
(5,1) fg=DarkGray bg=Reset mod=BOLD|DIM
(6,1) fg=DarkGray bg=Reset mod=BOLD|DIM
(7,1) fg=DarkGray bg=Reset mod=BOLD|DIM
(8,1) fg=DarkGray bg=Reset mod=BOLD|DIM
(9,1) fg=DarkGray bg=Reset mod=BOLD|DIM
(10,1) fg=DarkGray bg=Reset mod=BOLD|DIM
(11,1) fg=DarkGray bg=Reset mod=BOLD|DIM
(12,1) fg=DarkGray bg=Reset mod=BOLD|DIM
(13,1) fg=DarkGray bg=Reset mod=BOLD|DIM
(14,1) fg=DarkGray bg=Reset mod=BOLD|DIM
(15,1) fg=DarkGray bg=Reset mod=BOLD|DIM
(16,1) fg=DarkGray bg=Reset mod=BOLD|DIM
(17,1) fg=DarkGray bg=Reset mod=BOLD|DIM
(18,1) fg=DarkGray bg=Reset mod=BOLD|DIM
(19,1) fg=DarkGray bg=Reset mod=BOLD|DIM
(20,1) fg=DarkGray bg=Reset mod=BOLD|DIM
(21,1) fg=DarkGray bg=Reset mod=BOLD|DIM
(22,1) fg=DarkGray bg=Reset mod=BOLD|DIM
(23,1) fg=DarkGray bg=Reset mod=DIM
(24,1) fg=DarkGray bg=Reset mod=DIM
(25,1) fg=DarkGray bg=Reset mod=BOLD|DIM
(26,1) fg=DarkGray bg=Reset mod=BOLD|DIM
(27,1) fg=DarkGray bg=Reset mod=BOLD|DIM
(28,1) fg=DarkGray bg=Reset mod=BOLD|DIM
(29,1) fg=DarkGray bg=Reset mod=BOLD|DIM
(30,1) fg=DarkGray bg=Reset mod=BOLD|DIM
(31,1) fg=DarkGray bg=Reset mod=BOLD|DIM
(32,1) fg=DarkGray bg=Reset mod=BOLD|DIM
(33,1) fg=DarkGray bg=Reset mod=BOLD|DIM
(34,1) fg=DarkGray bg=Reset mod=BOLD|DIM
(35,1) fg=DarkGray bg=Reset mod=BOLD|DIM
(36,1) fg=DarkGray bg=Reset mod=BOLD|DIM
(37,1) fg=DarkGray bg=Reset mod=BOLD|DIM
(38,1) fg=DarkGray bg=Reset mod=BOLD|DIM
(39,1) fg=DarkGray bg=Reset mod=BOLD|DIM
(40,1) fg=DarkGray bg=Reset mod=BOLD|DIM
(41,1) fg=DarkGray bg=Reset mod=BOLD|DIM
(42,1) fg=DarkGray bg=Reset mod=BOLD|DIM
(43,1) fg=DarkGray bg=Reset mod=DIM
(44,1) fg=DarkGray bg=Reset mod=DIM
(45,1) fg=DarkGray bg=Reset mod=DIM
(46,1) fg=DarkGray bg=Reset mod=DIM
(47,1) fg=DarkGray bg=Reset mod=DIM
(48,1) fg=DarkGray bg=Reset mod=DIM
(49,1) fg=DarkGray bg=Reset mod=DIM
(50,1) fg=DarkGray bg=Reset mod=DIM
(51,1) fg=DarkGray bg=Reset mod=DIM
(52,1) fg=DarkGray bg=Reset mod=DIM
(53,1) fg=DarkGray bg=Reset mod=DIM
(54,1) fg=DarkGray bg=Reset mod=DIM
(55,1) fg=DarkGray bg=Reset mod=DIM
(56,1) fg=DarkGray bg=Reset mod=DIM
(57,1) fg=DarkGray bg=Reset mod=DIM
(58,1) fg=DarkGray bg=Reset mod=DIM
(59,1) fg=DarkGray bg=Reset mod=DIM
(60,1) fg=DarkGray bg=Reset mod=DIM
(61,1) fg=DarkGray bg=Reset mod=BOLD|DIM
(62,1) fg=DarkGray bg=Reset mod=BOLD|DIM
(63,1) fg=DarkGray bg=Reset mod=BOLD|DIM
(64,1) fg=DarkGray bg=Reset mod=BOLD|DIM
(65,1) fg=DarkGray bg=Reset mod=BOLD|DIM
(66,1) fg=DarkGray bg=Reset mod=BOLD|DIM
(67,1) fg=DarkGray bg=Reset mod=BOLD|DIM
(68,1) fg=DarkGray bg=Reset mod=BOLD|DIM
(69,1) fg=DarkGray bg=Reset mod=BOLD|DIM
(70,1) fg=DarkGray bg=Reset mod=BOLD|DIM
(71,1) fg=DarkGray bg=Reset mod=BOLD|DIM
(72,1) fg=DarkGray bg=Reset mod=BOLD|DIM
(73,1) fg=DarkGray bg=Reset mod=BOLD|DIM
(74,1) fg=DarkGray bg=Reset mod=BOLD|DIM
(75,1) fg=DarkGray bg=Reset mod=BOLD|DIM
(76,1) fg=DarkGray bg=Reset mod=BOLD|DIM
(77,1) fg=DarkGray bg=Reset mod=BOLD|DIM
(78,1) fg=DarkGray bg=Reset mod=BOLD|DIM
(79,1) fg=DarkGray bg=Reset mod=BOLD|DIM
(80,1) fg=DarkGray bg=Reset mod=BOLD|DIM
(81,1) fg=DarkGray bg=Reset mod=BOLD|DIM
(82,1) fg=DarkGray bg=Reset mod=BOLD|DIM
(83,1) fg=DarkGray bg=Reset mod=BOLD|DIM
(84,1) fg=DarkGray bg=Reset mod=BOLD|DIM
(85,1) fg=DarkGray bg=Reset mod=BOLD|DIM
(86,1) fg=DarkGray bg=Reset mod=BOLD|DIM
(87,1) fg=DarkGray bg=Reset mod=BOLD|DIM
(88,1) fg=DarkGray bg=Reset mod=BOLD|DIM
(89,1) fg=DarkGray bg=Reset mod=BOLD|DIM
(90,1) fg=DarkGray bg=Reset mod=BOLD|DIM
(91,1) fg=DarkGray bg=Reset mod=DIM
(92,1) fg=DarkGray bg=Reset mod=DIM
(93,1) fg=DarkGray bg=Reset mod=BOLD|DIM
(94,1) fg=DarkGray bg=Reset mod=BOLD|DIM
(95,1) fg=DarkGray bg=Reset mod=BOLD|DIM
(96,1) fg=DarkGray bg=Reset mod=BOLD|DIM
(97,1) fg=DarkGray bg=Reset mod=BOLD|DIM
(98,1) fg=DarkGray bg=Reset mod=DIM
(99,1) fg=DarkGray bg=Reset mod=DIM
(0,2) fg=DarkGray bg=Reset mod=DIM
(1,2) fg=DarkGray bg=Reset mod=DIM
(2,2) fg=DarkGray bg=Reset mod=DIM
(3,2) fg=DarkGray bg=Reset mod=DIM
(4,2) fg=DarkGray bg=Reset mod=DIM
(5,2) fg=Reset bg=Reset mod=DIM
(6,2) fg=Reset bg=Reset mod=BOLD
(7,2) fg=Reset bg=Reset mod=BOLD
(8,2) fg=Reset bg=Reset mod=BOLD
(9,2) fg=Reset bg=Reset mod=BOLD
(10,2) fg=Reset bg=Reset mod=BOLD
(11,2) fg=Reset bg=Reset mod=BOLD
(12,2) fg=Reset bg=Reset mod=BOLD
(13,2) fg=Reset bg=Reset mod=BOLD
(14,2) fg=Reset bg=Reset mod=BOLD
(15,2) fg=Reset bg=Reset mod=BOLD
(16,2) fg=Reset bg=Reset mod=BOLD
(17,2) fg=Reset bg=Reset mod=BOLD
(18,2) fg=Reset bg=Reset mod=BOLD
(19,2) fg=Reset bg=Reset mod=BOLD
(20,2) fg=Reset bg=Reset mod=BOLD
(21,2) fg=Reset bg=Reset mod=BOLD
(22,2) fg=Reset bg=Reset mod=BOLD
(23,2) fg=Reset bg=Reset mod=BOLD
(24,2) fg=Reset bg=Reset mod=BOLD
(25,2) fg=Reset bg=Reset mod=BOLD
(26,2) fg=Reset bg=Reset mod=DIM
(27,2) fg=Reset bg=Reset mod=DIM
(28,2) fg=Reset bg=Reset mod=DIM
(29,2) fg=Reset bg=Reset mod=DIM
(30,2) fg=Reset bg=Reset mod=DIM
(31,2) fg=Reset bg=Reset mod=DIM
(32,2) fg=Reset bg=Reset mod=DIM
(33,2) fg=Reset bg=Reset mod=DIM
(34,2) fg=Reset bg=Reset mod=DIM
(35,2) fg=Reset bg=Reset mod=DIM
(36,2) fg=Reset bg=Reset mod=DIM
(37,2) fg=Reset bg=Reset mod=DIM
(38,2) fg=Reset bg=Reset mod=DIM
(39,2) fg=Reset bg=Reset mod=DIM
(40,2) fg=Reset bg=Reset mod=DIM
(41,2) fg=Reset bg=Reset mod=DIM
(42,2) fg=Reset bg=Reset mod=DIM
(43,2) fg=Reset bg=Reset mod=DIM
(44,2) fg=Reset bg=Reset mod=DIM
(45,2) fg=Reset bg=Reset mod=DIM
(46,2) fg=Reset bg=Reset mod=DIM
(47,2) fg=Reset bg=Reset mod=DIM
(48,2) fg=Reset bg=Reset mod=DIM
(49,2) fg=Reset bg=Reset mod=DIM
(50,2) fg=Reset bg=Reset mod=DIM
(51,2) fg=Reset bg=Reset mod=DIM
(52,2) fg=Reset bg=Reset mod=DIM
(53,2) fg=Reset bg=Reset mod=DIM
(54,2) fg=Reset bg=Reset mod=DIM
(55,2) fg=Reset bg=Reset mod=DIM
(56,2) fg=Reset bg=Reset mod=DIM
(57,2) fg=Reset bg=Reset mod=DIM
(58,2) fg=Reset bg=Reset mod=DIM
(59,2) fg=Reset bg=Reset mod=DIM
(60,2) fg=Reset bg=Reset mod=DIM
(61,2) fg=Reset bg=Reset mod=DIM
(62,2) fg=Reset bg=Reset mod=DIM
(63,2) fg=Reset bg=Reset mod=DIM
(64,2) fg=Reset bg=Reset mod=DIM
(65,2) fg=Reset bg=Reset mod=DIM
(66,2) fg=Reset bg=Reset mod=DIM
(67,2) fg=Reset bg=Reset mod=DIM
(68,2) fg=Reset bg=Reset mod=DIM
(69,2) fg=Reset bg=Reset mod=DIM
(70,2) fg=Reset bg=Reset mod=DIM
(71,2) fg=Reset bg=Reset mod=DIM
(72,2) fg=Reset bg=Reset mod=DIM
(73,2) fg=Reset bg=Reset mod=DIM
(74,2) fg=Reset bg=Reset mod=DIM
(75,2) fg=Reset bg=Reset mod=DIM
(76,2) fg=Reset bg=Reset mod=DIM
(77,2) fg=Reset bg=Reset mod=DIM
(78,2) fg=Reset bg=Reset mod=DIM
(79,2) fg=Reset bg=Reset mod=DIM
(80,2) fg=Reset bg=Reset mod=DIM
(81,2) fg=Reset bg=Reset mod=DIM
(82,2) fg=Reset bg=Reset mod=DIM
(83,2) fg=Reset bg=Reset mod=DIM
(84,2) fg=Reset bg=Reset mod=DIM
(85,2) fg=Reset bg=Reset mod=DIM
(86,2) fg=Reset bg=Reset mod=DIM
(87,2) fg=Reset bg=Reset mod=DIM
(88,2) fg=Reset bg=Reset mod=DIM
(89,2) fg=Reset bg=Reset mod=DIM
(90,2) fg=Reset bg=Reset mod=DIM
(91,2) fg=Reset bg=Reset mod=DIM
(92,2) fg=Reset bg=Reset mod=DIM
(93,2) fg=Reset bg=Reset mod=DIM
(94,2) fg=Reset bg=Reset mod=DIM
(95,2) fg=DarkGray bg=Reset mod=DIM
(96,2) fg=DarkGray bg=Reset mod=DIM
(97,2) fg=DarkGray bg=Reset mod=DIM
(98,2) fg=DarkGray bg=Reset mod=DIM
(99,2) fg=DarkGray bg=Reset mod=DIM
(0,3) fg=DarkGray bg=Reset mod=DIM
(1,3) fg=White bg=Magenta mod=BOLD|DIM
(2,3) fg=White bg=Magenta mod=BOLD|DIM
(3,3) fg=White bg=Magenta mod=BOLD|DIM
(4,3) fg=White bg=Magenta mod=BOLD|DIM
(5,3) fg=Reset bg=Reset mod=DIM
(6,3) fg=Magenta bg=Reset mod=BOLD
(7,3) fg=Magenta bg=Reset mod=BOLD
(8,3) fg=Magenta bg=Reset mod=BOLD
(9,3) fg=Magenta bg=Reset mod=BOLD
(10,3) fg=Magenta bg=Reset mod=BOLD
(11,3) fg=Magenta bg=Reset mod=BOLD
(50,3) fg=Reset bg=Reset mod=DIM
(51,3) fg=Reset bg=Reset mod=DIM
(52,3) fg=Reset bg=Reset mod=DIM
(53,3) fg=Reset bg=Reset mod=DIM
(94,3) fg=Reset bg=Reset mod=DIM
(95,3) fg=White bg=Magenta mod=BOLD|DIM
(96,3) fg=White bg=Magenta mod=BOLD|DIM
(97,3) fg=White bg=Magenta mod=BOLD|DIM
(98,3) fg=White bg=Magenta mod=BOLD|DIM
(99,3) fg=DarkGray bg=Reset mod=DIM
(0,4) fg=DarkGray bg=Reset mod=DIM
(1,4) fg=DarkGray bg=Reset mod=DIM
(2,4) fg=DarkGray bg=Reset mod=BOLD|DIM
(3,4) fg=DarkGray bg=Reset mod=BOLD|DIM
(4,4) fg=DarkGray bg=Reset mod=DIM
(5,4) fg=Reset bg=Reset mod=DIM
(6,4) fg=Reset bg=Reset mod=DIM
(7,4) fg=Reset bg=Reset mod=DIM
(8,4) fg=Reset bg=Reset mod=DIM
(9,4) fg=Reset bg=Reset mod=DIM
(10,4) fg=Reset bg=Reset mod=DIM
(11,4) fg=Reset bg=Reset mod=DIM
(12,4) fg=Reset bg=Reset mod=DIM
(13,4) fg=Reset bg=Reset mod=DIM
(14,4) fg=Reset bg=Reset mod=DIM
(15,4) fg=Reset bg=Reset mod=DIM
(16,4) fg=Reset bg=Reset mod=DIM
(17,4) fg=Reset bg=Reset mod=DIM
(18,4) fg=Reset bg=Reset mod=DIM
(19,4) fg=Reset bg=Reset mod=DIM
(20,4) fg=Reset bg=Reset mod=DIM
(21,4) fg=Reset bg=Reset mod=DIM
(22,4) fg=Reset bg=Reset mod=DIM
(23,4) fg=Reset bg=Reset mod=DIM
(24,4) fg=Reset bg=Reset mod=DIM
(25,4) fg=Reset bg=Reset mod=DIM
(26,4) fg=Reset bg=Reset mod=DIM
(27,4) fg=Reset bg=Reset mod=DIM
(28,4) fg=Reset bg=Reset mod=DIM
(29,4) fg=Reset bg=Reset mod=DIM
(30,4) fg=Reset bg=Reset mod=DIM
(31,4) fg=Reset bg=Reset mod=DIM
(32,4) fg=Reset bg=Reset mod=DIM
(33,4) fg=Reset bg=Reset mod=DIM
(34,4) fg=Reset bg=Reset mod=DIM
(35,4) fg=Reset bg=Reset mod=DIM
(36,4) fg=Reset bg=Reset mod=DIM
(37,4) fg=Reset bg=Reset mod=DIM
(38,4) fg=Reset bg=Reset mod=DIM
(39,4) fg=Reset bg=Reset mod=DIM
(40,4) fg=Reset bg=Reset mod=DIM
(41,4) fg=Reset bg=Reset mod=DIM
(42,4) fg=Reset bg=Reset mod=DIM
(43,4) fg=Reset bg=Reset mod=DIM
(44,4) fg=Reset bg=Reset mod=DIM
(45,4) fg=Reset bg=Reset mod=DIM
(46,4) fg=Reset bg=Reset mod=DIM
(47,4) fg=Reset bg=Reset mod=DIM
(48,4) fg=Reset bg=Reset mod=DIM
(49,4) fg=Reset bg=Reset mod=DIM
(50,4) fg=Reset bg=Reset mod=DIM
(51,4) fg=Reset bg=Reset mod=DIM
(52,4) fg=Reset bg=Reset mod=DIM
(53,4) fg=Reset bg=Reset mod=DIM
(54,4) fg=Reset bg=Reset mod=DIM
(55,4) fg=Reset bg=Reset mod=DIM
(56,4) fg=Reset bg=Reset mod=DIM
(57,4) fg=Reset bg=Reset mod=DIM
(58,4) fg=Reset bg=Reset mod=DIM
(59,4) fg=Reset bg=Reset mod=DIM
(60,4) fg=Reset bg=Reset mod=DIM
(61,4) fg=Reset bg=Reset mod=DIM
(62,4) fg=Reset bg=Reset mod=DIM
(63,4) fg=Reset bg=Reset mod=DIM
(64,4) fg=Reset bg=Reset mod=DIM
(65,4) fg=Reset bg=Reset mod=DIM
(66,4) fg=Reset bg=Reset mod=DIM
(67,4) fg=Reset bg=Reset mod=DIM
(68,4) fg=Reset bg=Reset mod=DIM
(69,4) fg=Reset bg=Reset mod=DIM
(70,4) fg=Reset bg=Reset mod=DIM
(71,4) fg=Reset bg=Reset mod=DIM
(72,4) fg=Reset bg=Reset mod=DIM
(73,4) fg=Reset bg=Reset mod=DIM
(74,4) fg=Reset bg=Reset mod=DIM
(75,4) fg=Reset bg=Reset mod=DIM
(76,4) fg=Reset bg=Reset mod=DIM
(77,4) fg=Reset bg=Reset mod=DIM
(78,4) fg=Reset bg=Reset mod=DIM
(79,4) fg=Reset bg=Reset mod=DIM
(80,4) fg=Reset bg=Reset mod=DIM
(81,4) fg=Reset bg=Reset mod=DIM
(82,4) fg=Reset bg=Reset mod=DIM
(83,4) fg=Reset bg=Reset mod=DIM
(84,4) fg=Reset bg=Reset mod=DIM
(85,4) fg=Reset bg=Reset mod=DIM
(86,4) fg=Reset bg=Reset mod=DIM
(87,4) fg=Reset bg=Reset mod=DIM
(88,4) fg=Reset bg=Reset mod=DIM
(89,4) fg=Reset bg=Reset mod=DIM
(90,4) fg=Reset bg=Reset mod=DIM
(91,4) fg=Reset bg=Reset mod=DIM
(92,4) fg=Reset bg=Reset mod=DIM
(93,4) fg=Reset bg=Reset mod=DIM
(94,4) fg=Reset bg=Reset mod=DIM
(95,4) fg=DarkGray bg=Reset mod=DIM
(96,4) fg=DarkGray bg=Reset mod=DIM
(97,4) fg=DarkGray bg=Reset mod=DIM
(98,4) fg=DarkGray bg=Reset mod=DIM
(99,4) fg=DarkGray bg=Reset mod=DIM
(0,5) fg=DarkGray bg=Reset mod=DIM
(1,5) fg=DarkGray bg=Reset mod=DIM
(2,5) fg=DarkGray bg=Reset mod=BOLD|DIM
(3,5) fg=DarkGray bg=Reset mod=BOLD|DIM
(4,5) fg=DarkGray bg=Reset mod=DIM
(5,5) fg=Reset bg=Reset mod=DIM
(52,5) fg=Reset bg=Reset mod=DIM
(53,5) fg=Reset bg=Reset mod=DIM
(54,5) fg=Reset bg=Reset mod=DIM
(55,5) fg=Reset bg=Reset mod=DIM
(56,5) fg=Reset bg=Reset mod=DIM
(57,5) fg=Reset bg=Reset mod=DIM
(58,5) fg=Reset bg=Reset mod=DIM
(59,5) fg=Reset bg=Reset mod=DIM
(60,5) fg=Reset bg=Reset mod=DIM
(61,5) fg=Reset bg=Reset mod=DIM
(62,5) fg=Reset bg=Reset mod=DIM
(63,5) fg=Reset bg=Reset mod=DIM
(64,5) fg=Reset bg=Reset mod=DIM
(94,5) fg=Reset bg=Reset mod=DIM
(95,5) fg=DarkGray bg=Reset mod=DIM
(96,5) fg=DarkGray bg=Reset mod=DIM
(97,5) fg=DarkGray bg=Reset mod=DIM
(98,5) fg=DarkGray bg=Reset mod=DIM
(99,5) fg=DarkGray bg=Reset mod=DIM
(0,6) fg=DarkGray bg=Reset mod=DIM
(1,6) fg=DarkGray bg=Reset mod=DIM
(2,6) fg=DarkGray bg=Reset mod=BOLD|DIM
(3,6) fg=DarkGray bg=Reset mod=BOLD|DIM
(4,6) fg=DarkGray bg=Reset mod=DIM
(5,6) fg=Reset bg=Reset mod=DIM
(6,6) fg=Reset bg=Reset mod=DIM
(7,6) fg=Reset bg=Reset mod=DIM
(8,6) fg=Reset bg=Reset mod=DIM
(9,6) fg=Reset bg=Reset mod=DIM
(10,6) fg=Reset bg=Reset mod=DIM
(11,6) fg=Reset bg=Reset mod=DIM
(12,6) fg=Reset bg=Reset mod=DIM
(13,6) fg=Reset bg=Reset mod=DIM
(14,6) fg=Reset bg=Reset mod=DIM
(15,6) fg=Reset bg=Reset mod=DIM
(16,6) fg=Reset bg=Reset mod=DIM
(17,6) fg=Reset bg=Reset mod=DIM
(18,6) fg=Reset bg=Reset mod=DIM
(19,6) fg=Reset bg=Reset mod=DIM
(20,6) fg=Reset bg=Reset mod=DIM
(21,6) fg=Reset bg=Reset mod=DIM
(22,6) fg=Reset bg=Reset mod=DIM
(23,6) fg=Reset bg=Reset mod=DIM
(24,6) fg=Reset bg=Reset mod=DIM
(25,6) fg=Reset bg=Reset mod=DIM
(94,6) fg=Reset bg=Reset mod=DIM
(95,6) fg=DarkGray bg=Reset mod=DIM
(96,6) fg=DarkGray bg=Reset mod=DIM
(97,6) fg=DarkGray bg=Reset mod=DIM
(98,6) fg=DarkGray bg=Reset mod=DIM
(99,6) fg=DarkGray bg=Reset mod=DIM
(0,7) fg=DarkGray bg=Reset mod=DIM
(1,7) fg=DarkGray bg=Reset mod=DIM
(2,7) fg=DarkGray bg=Reset mod=BOLD|DIM
(3,7) fg=DarkGray bg=Reset mod=BOLD|DIM
(4,7) fg=DarkGray bg=Reset mod=DIM
(5,7) fg=Reset bg=Reset mod=DIM
(94,7) fg=Reset bg=Reset mod=DIM
(95,7) fg=DarkGray bg=Reset mod=DIM
(96,7) fg=DarkGray bg=Reset mod=DIM
(97,7) fg=DarkGray bg=Reset mod=DIM
(98,7) fg=DarkGray bg=Reset mod=DIM
(99,7) fg=DarkGray bg=Reset mod=DIM
(0,8) fg=DarkGray bg=Reset mod=DIM
(1,8) fg=DarkGray bg=Reset mod=DIM
(2,8) fg=DarkGray bg=Reset mod=BOLD|DIM
(3,8) fg=DarkGray bg=Reset mod=BOLD|DIM
(4,8) fg=DarkGray bg=Reset mod=DIM
(5,8) fg=Reset bg=Reset mod=DIM
(94,8) fg=Reset bg=Reset mod=DIM
(95,8) fg=DarkGray bg=Reset mod=DIM
(96,8) fg=DarkGray bg=Reset mod=DIM
(97,8) fg=DarkGray bg=Reset mod=DIM
(98,8) fg=DarkGray bg=Reset mod=DIM
(99,8) fg=DarkGray bg=Reset mod=DIM
(0,9) fg=DarkGray bg=Reset mod=DIM
(1,9) fg=DarkGray bg=Reset mod=DIM
(2,9) fg=DarkGray bg=Reset mod=BOLD|DIM
(3,9) fg=DarkGray bg=Reset mod=BOLD|DIM
(4,9) fg=DarkGray bg=Reset mod=DIM
(5,9) fg=Reset bg=Reset mod=DIM
(94,9) fg=Reset bg=Reset mod=DIM
(95,9) fg=DarkGray bg=Reset mod=DIM
(96,9) fg=DarkGray bg=Reset mod=DIM
(97,9) fg=DarkGray bg=Reset mod=DIM
(98,9) fg=DarkGray bg=Reset mod=DIM
(99,9) fg=DarkGray bg=Reset mod=DIM
(0,10) fg=DarkGray bg=Reset mod=DIM
(1,10) fg=DarkGray bg=Reset mod=DIM
(2,10) fg=DarkGray bg=Reset mod=BOLD|DIM
(3,10) fg=DarkGray bg=Reset mod=BOLD|DIM
(4,10) fg=DarkGray bg=Reset mod=DIM
(5,10) fg=Reset bg=Reset mod=DIM
(94,10) fg=Reset bg=Reset mod=DIM
(95,10) fg=DarkGray bg=Reset mod=DIM
(96,10) fg=DarkGray bg=Reset mod=DIM
(97,10) fg=DarkGray bg=Reset mod=DIM
(98,10) fg=DarkGray bg=Reset mod=DIM
(99,10) fg=DarkGray bg=Reset mod=DIM
(0,11) fg=DarkGray bg=Reset mod=DIM
(1,11) fg=DarkGray bg=Reset mod=DIM
(2,11) fg=DarkGray bg=Reset mod=BOLD|DIM
(3,11) fg=DarkGray bg=Reset mod=BOLD|DIM
(4,11) fg=DarkGray bg=Reset mod=DIM
(5,11) fg=Reset bg=Reset mod=DIM
(94,11) fg=Reset bg=Reset mod=DIM
(95,11) fg=DarkGray bg=Reset mod=DIM
(96,11) fg=DarkGray bg=Reset mod=DIM
(97,11) fg=DarkGray bg=Reset mod=DIM
(98,11) fg=DarkGray bg=Reset mod=DIM
(99,11) fg=DarkGray bg=Reset mod=DIM
(0,12) fg=DarkGray bg=Reset mod=DIM
(1,12) fg=DarkGray bg=Reset mod=DIM
(2,12) fg=DarkGray bg=Reset mod=BOLD|DIM
(3,12) fg=DarkGray bg=Reset mod=BOLD|DIM
(4,12) fg=DarkGray bg=Reset mod=DIM
(5,12) fg=Reset bg=Reset mod=DIM
(94,12) fg=Reset bg=Reset mod=DIM
(95,12) fg=DarkGray bg=Reset mod=DIM
(96,12) fg=DarkGray bg=Reset mod=DIM
(97,12) fg=DarkGray bg=Reset mod=DIM
(98,12) fg=DarkGray bg=Reset mod=DIM
(99,12) fg=DarkGray bg=Reset mod=DIM
(0,13) fg=DarkGray bg=Reset mod=DIM
(1,13) fg=DarkGray bg=Reset mod=DIM
(2,13) fg=DarkGray bg=Reset mod=BOLD|DIM
(3,13) fg=DarkGray bg=Reset mod=BOLD|DIM
(4,13) fg=DarkGray bg=Reset mod=DIM
(5,13) fg=Reset bg=Reset mod=DIM
(94,13) fg=Reset bg=Reset mod=DIM
(95,13) fg=DarkGray bg=Reset mod=DIM
(96,13) fg=DarkGray bg=Reset mod=DIM
(97,13) fg=DarkGray bg=Reset mod=DIM
(98,13) fg=DarkGray bg=Reset mod=DIM
(99,13) fg=DarkGray bg=Reset mod=DIM
(0,14) fg=DarkGray bg=Reset mod=DIM
(1,14) fg=DarkGray bg=Reset mod=DIM
(2,14) fg=DarkGray bg=Reset mod=BOLD|DIM
(3,14) fg=DarkGray bg=Reset mod=BOLD|DIM
(4,14) fg=DarkGray bg=Reset mod=DIM
(5,14) fg=Reset bg=Reset mod=DIM
(94,14) fg=Reset bg=Reset mod=DIM
(95,14) fg=DarkGray bg=Reset mod=DIM
(96,14) fg=DarkGray bg=Reset mod=DIM
(97,14) fg=DarkGray bg=Reset mod=DIM
(98,14) fg=DarkGray bg=Reset mod=DIM
(99,14) fg=DarkGray bg=Reset mod=DIM
(0,15) fg=DarkGray bg=Reset mod=DIM
(1,15) fg=DarkGray bg=Reset mod=DIM
(2,15) fg=DarkGray bg=Reset mod=BOLD|DIM
(3,15) fg=DarkGray bg=Reset mod=BOLD|DIM
(4,15) fg=DarkGray bg=Reset mod=DIM
(5,15) fg=Reset bg=Reset mod=DIM
(94,15) fg=Reset bg=Reset mod=DIM
(95,15) fg=DarkGray bg=Reset mod=DIM
(96,15) fg=DarkGray bg=Reset mod=DIM
(97,15) fg=DarkGray bg=Reset mod=DIM
(98,15) fg=DarkGray bg=Reset mod=DIM
(99,15) fg=DarkGray bg=Reset mod=DIM
(0,16) fg=DarkGray bg=Reset mod=DIM
(1,16) fg=DarkGray bg=Reset mod=DIM
(2,16) fg=DarkGray bg=Reset mod=BOLD|DIM
(3,16) fg=DarkGray bg=Reset mod=BOLD|DIM
(4,16) fg=DarkGray bg=Reset mod=DIM
(5,16) fg=Reset bg=Reset mod=DIM
(94,16) fg=Reset bg=Reset mod=DIM
(95,16) fg=DarkGray bg=Reset mod=DIM
(96,16) fg=DarkGray bg=Reset mod=DIM
(97,16) fg=DarkGray bg=Reset mod=DIM
(98,16) fg=DarkGray bg=Reset mod=DIM
(99,16) fg=DarkGray bg=Reset mod=DIM
(0,17) fg=DarkGray bg=Reset mod=DIM
(1,17) fg=DarkGray bg=Reset mod=DIM
(2,17) fg=DarkGray bg=Reset mod=BOLD|DIM
(3,17) fg=DarkGray bg=Reset mod=BOLD|DIM
(4,17) fg=DarkGray bg=Reset mod=DIM
(5,17) fg=Reset bg=Reset mod=DIM
(94,17) fg=Reset bg=Reset mod=DIM
(95,17) fg=DarkGray bg=Reset mod=DIM
(96,17) fg=DarkGray bg=Reset mod=DIM
(97,17) fg=DarkGray bg=Reset mod=DIM
(98,17) fg=DarkGray bg=Reset mod=DIM
(99,17) fg=DarkGray bg=Reset mod=DIM
(0,18) fg=DarkGray bg=Reset mod=DIM
(1,18) fg=DarkGray bg=Reset mod=DIM
(2,18) fg=DarkGray bg=Reset mod=BOLD|DIM
(3,18) fg=DarkGray bg=Reset mod=BOLD|DIM
(4,18) fg=DarkGray bg=Reset mod=DIM
(5,18) fg=Reset bg=Reset mod=DIM
(94,18) fg=Reset bg=Reset mod=DIM
(95,18) fg=DarkGray bg=Reset mod=DIM
(96,18) fg=DarkGray bg=Reset mod=DIM
(97,18) fg=DarkGray bg=Reset mod=DIM
(98,18) fg=DarkGray bg=Reset mod=DIM
(99,18) fg=DarkGray bg=Reset mod=DIM
(0,19) fg=DarkGray bg=Reset mod=DIM
(1,19) fg=DarkGray bg=Reset mod=DIM
(2,19) fg=DarkGray bg=Reset mod=BOLD|DIM
(3,19) fg=DarkGray bg=Reset mod=BOLD|DIM
(4,19) fg=DarkGray bg=Reset mod=DIM
(5,19) fg=Reset bg=Reset mod=DIM
(94,19) fg=Reset bg=Reset mod=DIM
(95,19) fg=DarkGray bg=Reset mod=DIM
(96,19) fg=DarkGray bg=Reset mod=DIM
(97,19) fg=DarkGray bg=Reset mod=DIM
(98,19) fg=DarkGray bg=Reset mod=DIM
(99,19) fg=DarkGray bg=Reset mod=DIM
(0,20) fg=DarkGray bg=Reset mod=DIM
(1,20) fg=DarkGray bg=Reset mod=DIM
(2,20) fg=DarkGray bg=Reset mod=BOLD|DIM
(3,20) fg=DarkGray bg=Reset mod=BOLD|DIM
(4,20) fg=DarkGray bg=Reset mod=DIM
(5,20) fg=Reset bg=Reset mod=DIM
(94,20) fg=Reset bg=Reset mod=DIM
(95,20) fg=DarkGray bg=Reset mod=DIM
(96,20) fg=DarkGray bg=Reset mod=DIM
(97,20) fg=DarkGray bg=Reset mod=DIM
(98,20) fg=DarkGray bg=Reset mod=DIM
(99,20) fg=DarkGray bg=Reset mod=DIM
(0,21) fg=DarkGray bg=Reset mod=DIM
(1,21) fg=DarkGray bg=Reset mod=DIM
(2,21) fg=DarkGray bg=Reset mod=BOLD|DIM
(3,21) fg=DarkGray bg=Reset mod=BOLD|DIM
(4,21) fg=DarkGray bg=Reset mod=DIM
(5,21) fg=Reset bg=Reset mod=DIM
(94,21) fg=Reset bg=Reset mod=DIM
(95,21) fg=DarkGray bg=Reset mod=DIM
(96,21) fg=DarkGray bg=Reset mod=DIM
(97,21) fg=DarkGray bg=Reset mod=DIM
(98,21) fg=DarkGray bg=Reset mod=DIM
(99,21) fg=DarkGray bg=Reset mod=DIM
(0,22) fg=DarkGray bg=Reset mod=DIM
(1,22) fg=DarkGray bg=Reset mod=DIM
(2,22) fg=DarkGray bg=Reset mod=BOLD|DIM
(3,22) fg=DarkGray bg=Reset mod=BOLD|DIM
(4,22) fg=DarkGray bg=Reset mod=DIM
(5,22) fg=Reset bg=Reset mod=DIM
(94,22) fg=Reset bg=Reset mod=DIM
(95,22) fg=DarkGray bg=Reset mod=DIM
(96,22) fg=DarkGray bg=Reset mod=DIM
(97,22) fg=DarkGray bg=Reset mod=DIM
(98,22) fg=DarkGray bg=Reset mod=DIM
(99,22) fg=DarkGray bg=Reset mod=DIM
(0,23) fg=DarkGray bg=Reset mod=DIM
(1,23) fg=DarkGray bg=Reset mod=DIM
(2,23) fg=DarkGray bg=Reset mod=DIM
(3,23) fg=DarkGray bg=Reset mod=DIM
(4,23) fg=DarkGray bg=Reset mod=BOLD|DIM
(5,23) fg=Reset bg=Reset mod=DIM
(94,23) fg=Reset bg=Reset mod=DIM
(95,23) fg=DarkGray bg=Reset mod=DIM
(96,23) fg=DarkGray bg=Reset mod=DIM
(97,23) fg=DarkGray bg=Reset mod=DIM
(98,23) fg=DarkGray bg=Reset mod=DIM
(99,23) fg=DarkGray bg=Reset mod=DIM
(0,24) fg=DarkGray bg=Reset mod=DIM
(1,24) fg=DarkGray bg=Reset mod=DIM
(2,24) fg=DarkGray bg=Reset mod=DIM
(3,24) fg=DarkGray bg=Reset mod=DIM
(4,24) fg=DarkGray bg=Reset mod=BOLD|DIM
(5,24) fg=Reset bg=Reset mod=DIM
(94,24) fg=Reset bg=Reset mod=DIM
(95,24) fg=DarkGray bg=Reset mod=DIM
(96,24) fg=DarkGray bg=Reset mod=DIM
(97,24) fg=DarkGray bg=Reset mod=DIM
(98,24) fg=DarkGray bg=Reset mod=DIM
(99,24) fg=DarkGray bg=Reset mod=DIM
(0,25) fg=DarkGray bg=Reset mod=DIM
(1,25) fg=DarkGray bg=Reset mod=DIM
(2,25) fg=DarkGray bg=Reset mod=DIM
(3,25) fg=DarkGray bg=Reset mod=DIM
(4,25) fg=DarkGray bg=Reset mod=DIM
(5,25) fg=Reset bg=Reset mod=DIM
(94,25) fg=Reset bg=Reset mod=DIM
(95,25) fg=DarkGray bg=Reset mod=DIM
(96,25) fg=DarkGray bg=Reset mod=DIM
(97,25) fg=DarkGray bg=Reset mod=DIM
(98,25) fg=DarkGray bg=Reset mod=DIM
(99,25) fg=DarkGray bg=Reset mod=DIM
(0,26) fg=DarkGray bg=Reset mod=DIM
(1,26) fg=DarkGray bg=Reset mod=DIM
(2,26) fg=DarkGray bg=Reset mod=DIM
(3,26) fg=DarkGray bg=Reset mod=DIM
(4,26) fg=DarkGray bg=Reset mod=DIM
(5,26) fg=Reset bg=Reset mod=DIM
(94,26) fg=Reset bg=Reset mod=DIM
(95,26) fg=DarkGray bg=Reset mod=DIM
(96,26) fg=DarkGray bg=Reset mod=DIM
(97,26) fg=DarkGray bg=Reset mod=DIM
(98,26) fg=DarkGray bg=Reset mod=DIM
(99,26) fg=DarkGray bg=Reset mod=DIM
(0,27) fg=DarkGray bg=Reset mod=DIM
(1,27) fg=DarkGray bg=Reset mod=DIM
(2,27) fg=DarkGray bg=Reset mod=DIM
(3,27) fg=DarkGray bg=Reset mod=DIM
(4,27) fg=DarkGray bg=Reset mod=DIM
(5,27) fg=Reset bg=Reset mod=DIM
(6,27) fg=Reset bg=Reset mod=DIM
(7,27) fg=Reset bg=Reset mod=DIM
(8,27) fg=Reset bg=Reset mod=DIM
(9,27) fg=Reset bg=Reset mod=DIM
(10,27) fg=Reset bg=Reset mod=DIM
(11,27) fg=Reset bg=Reset mod=DIM
(12,27) fg=Reset bg=Reset mod=DIM
(13,27) fg=Reset bg=Reset mod=DIM
(14,27) fg=Reset bg=Reset mod=DIM
(15,27) fg=Reset bg=Reset mod=DIM
(16,27) fg=Reset bg=Reset mod=DIM
(17,27) fg=Reset bg=Reset mod=DIM
(18,27) fg=Reset bg=Reset mod=DIM
(19,27) fg=Reset bg=Reset mod=DIM
(20,27) fg=Reset bg=Reset mod=DIM
(21,27) fg=Reset bg=Reset mod=DIM
(22,27) fg=Reset bg=Reset mod=DIM
(23,27) fg=Reset bg=Reset mod=DIM
(24,27) fg=Reset bg=Reset mod=DIM
(25,27) fg=Reset bg=Reset mod=DIM
(26,27) fg=Reset bg=Reset mod=DIM
(27,27) fg=Reset bg=Reset mod=DIM
(28,27) fg=Reset bg=Reset mod=DIM
(29,27) fg=Reset bg=Reset mod=DIM
(30,27) fg=Reset bg=Reset mod=DIM
(31,27) fg=Reset bg=Reset mod=DIM
(32,27) fg=Reset bg=Reset mod=DIM
(33,27) fg=Reset bg=Reset mod=DIM
(34,27) fg=Reset bg=Reset mod=DIM
(35,27) fg=Reset bg=Reset mod=DIM
(36,27) fg=Reset bg=Reset mod=DIM
(37,27) fg=Reset bg=Reset mod=DIM
(38,27) fg=Reset bg=Reset mod=DIM
(39,27) fg=Reset bg=Reset mod=DIM
(40,27) fg=Reset bg=Reset mod=DIM
(41,27) fg=Reset bg=Reset mod=DIM
(42,27) fg=Reset bg=Reset mod=DIM
(43,27) fg=Reset bg=Reset mod=DIM
(44,27) fg=Reset bg=Reset mod=DIM
(45,27) fg=Reset bg=Reset mod=DIM
(46,27) fg=Reset bg=Reset mod=DIM
(47,27) fg=Reset bg=Reset mod=DIM
(48,27) fg=Reset bg=Reset mod=DIM
(49,27) fg=Reset bg=Reset mod=DIM
(50,27) fg=Reset bg=Reset mod=DIM
(51,27) fg=Reset bg=Reset mod=DIM
(52,27) fg=Reset bg=Reset mod=DIM
(53,27) fg=Reset bg=Reset mod=DIM
(54,27) fg=Reset bg=Reset mod=DIM
(55,27) fg=Reset bg=Reset mod=DIM
(56,27) fg=Reset bg=Reset mod=DIM
(57,27) fg=Reset bg=Reset mod=DIM
(58,27) fg=Reset bg=Reset mod=DIM
(59,27) fg=Reset bg=Reset mod=DIM
(60,27) fg=Reset bg=Reset mod=DIM
(61,27) fg=Reset bg=Reset mod=DIM
(62,27) fg=Reset bg=Reset mod=DIM
(63,27) fg=Reset bg=Reset mod=DIM
(64,27) fg=Reset bg=Reset mod=DIM
(65,27) fg=Reset bg=Reset mod=DIM
(66,27) fg=Reset bg=Reset mod=DIM
(67,27) fg=Reset bg=Reset mod=DIM
(68,27) fg=Reset bg=Reset mod=DIM
(69,27) fg=Reset bg=Reset mod=DIM
(70,27) fg=Reset bg=Reset mod=DIM
(71,27) fg=Reset bg=Reset mod=DIM
(72,27) fg=Reset bg=Reset mod=DIM
(73,27) fg=Reset bg=Reset mod=DIM
(74,27) fg=Reset bg=Reset mod=DIM
(75,27) fg=Reset bg=Reset mod=DIM
(76,27) fg=Reset bg=Reset mod=DIM
(77,27) fg=Reset bg=Reset mod=DIM
(78,27) fg=Reset bg=Reset mod=DIM
(79,27) fg=Reset bg=Reset mod=DIM
(80,27) fg=Reset bg=Reset mod=DIM
(81,27) fg=Reset bg=Reset mod=DIM
(82,27) fg=Reset bg=Reset mod=DIM
(83,27) fg=Reset bg=Reset mod=DIM
(84,27) fg=Reset bg=Reset mod=DIM
(85,27) fg=Reset bg=Reset mod=DIM
(86,27) fg=Reset bg=Reset mod=DIM
(87,27) fg=Reset bg=Reset mod=DIM
(88,27) fg=Reset bg=Reset mod=DIM
(89,27) fg=Reset bg=Reset mod=DIM
(90,27) fg=Reset bg=Reset mod=DIM
(91,27) fg=Reset bg=Reset mod=DIM
(92,27) fg=Reset bg=Reset mod=DIM
(93,27) fg=Reset bg=Reset mod=DIM
(94,27) fg=Reset bg=Reset mod=DIM
(95,27) fg=DarkGray bg=Reset mod=DIM
(96,27) fg=DarkGray bg=Reset mod=DIM
(97,27) fg=DarkGray bg=Reset mod=DIM
(98,27) fg=DarkGray bg=Reset mod=DIM
(99,27) fg=DarkGray bg=Reset mod=DIM
(0,28) fg=DarkGray bg=Reset mod=DIM
(1,28) fg=DarkGray bg=Reset mod=DIM
(2,28) fg=DarkGray bg=Reset mod=DIM
(3,28) fg=DarkGray bg=Reset mod=DIM
(4,28) fg=DarkGray bg=Reset mod=DIM
(5,28) fg=White bg=DarkGray mod=-
(6,28) fg=White bg=DarkGray mod=-
(7,28) fg=White bg=DarkGray mod=-
(8,28) fg=White bg=DarkGray mod=-
(9,28) fg=White bg=DarkGray mod=-
(10,28) fg=White bg=DarkGray mod=-
(11,28) fg=White bg=DarkGray mod=-
(12,28) fg=Reset bg=Reset mod=DIM
(13,28) fg=Reset bg=Reset mod=DIM
(14,28) fg=Reset bg=Reset mod=DIM
(15,28) fg=Reset bg=Reset mod=DIM
(16,28) fg=Reset bg=Reset mod=DIM
(17,28) fg=Reset bg=Reset mod=DIM
(20,28) fg=White bg=DarkGray mod=-
(21,28) fg=White bg=DarkGray mod=-
(22,28) fg=White bg=DarkGray mod=-
(23,28) fg=White bg=DarkGray mod=-
(24,28) fg=White bg=DarkGray mod=-
(25,28) fg=Reset bg=Reset mod=DIM
(26,28) fg=Reset bg=Reset mod=DIM
(27,28) fg=Reset bg=Reset mod=DIM
(28,28) fg=Reset bg=Reset mod=DIM
(29,28) fg=Reset bg=Reset mod=DIM
(30,28) fg=Reset bg=Reset mod=DIM
(31,28) fg=Reset bg=Reset mod=DIM
(32,28) fg=Reset bg=Reset mod=DIM
(35,28) fg=White bg=DarkGray mod=-
(36,28) fg=White bg=DarkGray mod=-
(37,28) fg=White bg=DarkGray mod=-
(38,28) fg=White bg=DarkGray mod=-
(39,28) fg=White bg=DarkGray mod=-
(40,28) fg=White bg=DarkGray mod=-
(41,28) fg=White bg=DarkGray mod=-
(42,28) fg=White bg=DarkGray mod=-
(43,28) fg=Reset bg=Reset mod=DIM
(44,28) fg=Reset bg=Reset mod=DIM
(45,28) fg=Reset bg=Reset mod=DIM
(46,28) fg=Reset bg=Reset mod=DIM
(47,28) fg=Reset bg=Reset mod=DIM
(48,28) fg=Reset bg=Reset mod=DIM
(49,28) fg=Reset bg=Reset mod=DIM
(50,28) fg=Reset bg=Reset mod=DIM
(53,28) fg=White bg=DarkGray mod=-
(54,28) fg=White bg=DarkGray mod=-
(55,28) fg=White bg=DarkGray mod=-
(56,28) fg=White bg=DarkGray mod=-
(57,28) fg=Reset bg=Reset mod=DIM
(58,28) fg=Reset bg=Reset mod=DIM
(59,28) fg=Reset bg=Reset mod=DIM
(60,28) fg=Reset bg=Reset mod=DIM
(61,28) fg=Reset bg=Reset mod=DIM
(64,28) fg=White bg=DarkGray mod=-
(65,28) fg=White bg=DarkGray mod=-
(66,28) fg=White bg=DarkGray mod=-
(67,28) fg=Reset bg=Reset mod=DIM
(68,28) fg=Reset bg=Reset mod=DIM
(69,28) fg=Reset bg=Reset mod=DIM
(70,28) fg=Reset bg=Reset mod=DIM
(71,28) fg=Reset bg=Reset mod=DIM
(72,28) fg=Reset bg=Reset mod=DIM
(73,28) fg=Reset bg=Reset mod=DIM
(74,28) fg=Reset bg=Reset mod=DIM
(75,28) fg=Reset bg=Reset mod=DIM
(76,28) fg=Reset bg=Reset mod=DIM
(77,28) fg=Reset bg=Reset mod=DIM
(80,28) fg=White bg=DarkGray mod=-
(81,28) fg=White bg=DarkGray mod=-
(82,28) fg=White bg=DarkGray mod=-
(83,28) fg=Reset bg=Reset mod=DIM
(84,28) fg=Reset bg=Reset mod=DIM
(85,28) fg=Reset bg=Reset mod=DIM
(86,28) fg=Reset bg=Reset mod=DIM
(87,28) fg=Reset bg=Reset mod=DIM
(88,28) fg=Reset bg=Reset mod=DIM
(89,28) fg=Reset bg=Reset mod=DIM
(90,28) fg=Reset bg=Reset mod=DIM
(93,28) fg=White bg=DarkGray mod=-
(94,28) fg=White bg=DarkGray mod=-
(95,28) fg=DarkGray bg=Reset mod=DIM
(96,28) fg=DarkGray bg=Reset mod=DIM
(97,28) fg=DarkGray bg=Reset mod=DIM
(98,28) fg=DarkGray bg=Reset mod=DIM
(99,28) fg=DarkGray bg=Reset mod=DIM
(0,29) fg=White bg=DarkGray mod=DIM
(1,29) fg=White bg=DarkGray mod=DIM
(2,29) fg=White bg=DarkGray mod=DIM
(3,29) fg=White bg=DarkGray mod=DIM
(4,29) fg=White bg=DarkGray mod=DIM
(5,29) fg=White bg=DarkGray mod=DIM
(6,29) fg=White bg=DarkGray mod=DIM
(7,29) fg=DarkGray bg=Reset mod=DIM
(8,29) fg=DarkGray bg=Reset mod=DIM
(9,29) fg=DarkGray bg=Reset mod=DIM
(10,29) fg=DarkGray bg=Reset mod=DIM
(11,29) fg=DarkGray bg=Reset mod=DIM
(12,29) fg=DarkGray bg=Reset mod=DIM
(13,29) fg=DarkGray bg=Reset mod=DIM
(14,29) fg=DarkGray bg=Reset mod=DIM
(15,29) fg=DarkGray bg=Reset mod=DIM
(16,29) fg=DarkGray bg=Reset mod=DIM
(17,29) fg=DarkGray bg=Reset mod=DIM
(18,29) fg=White bg=DarkGray mod=DIM
(19,29) fg=White bg=DarkGray mod=DIM
(20,29) fg=White bg=DarkGray mod=DIM
(21,29) fg=DarkGray bg=Reset mod=DIM
(22,29) fg=DarkGray bg=Reset mod=DIM
(23,29) fg=DarkGray bg=Reset mod=DIM
(24,29) fg=DarkGray bg=Reset mod=DIM
(25,29) fg=DarkGray bg=Reset mod=DIM
(26,29) fg=DarkGray bg=Reset mod=DIM
(27,29) fg=DarkGray bg=Reset mod=DIM
(28,29) fg=DarkGray bg=Reset mod=DIM
(29,29) fg=DarkGray bg=Reset mod=DIM
(30,29) fg=DarkGray bg=Reset mod=DIM
(31,29) fg=White bg=DarkGray mod=DIM
(32,29) fg=White bg=DarkGray mod=DIM
(33,29) fg=White bg=DarkGray mod=DIM
(34,29) fg=DarkGray bg=Reset mod=DIM
(35,29) fg=DarkGray bg=Reset mod=DIM
(36,29) fg=DarkGray bg=Reset mod=DIM
(37,29) fg=DarkGray bg=Reset mod=DIM
(38,29) fg=DarkGray bg=Reset mod=DIM
(39,29) fg=DarkGray bg=Reset mod=DIM
(40,29) fg=DarkGray bg=Reset mod=DIM
(41,29) fg=White bg=DarkGray mod=DIM
(42,29) fg=White bg=DarkGray mod=DIM
(43,29) fg=White bg=DarkGray mod=DIM
(44,29) fg=DarkGray bg=Reset mod=DIM
(45,29) fg=DarkGray bg=Reset mod=DIM
(46,29) fg=DarkGray bg=Reset mod=DIM
(47,29) fg=DarkGray bg=Reset mod=DIM
(48,29) fg=DarkGray bg=Reset mod=DIM
(49,29) fg=DarkGray bg=Reset mod=DIM
(50,29) fg=DarkGray bg=Reset mod=DIM
(51,29) fg=DarkGray bg=Reset mod=DIM
(52,29) fg=DarkGray bg=Reset mod=DIM
(53,29) fg=DarkGray bg=Reset mod=DIM
(54,29) fg=White bg=DarkGray mod=DIM
(55,29) fg=White bg=DarkGray mod=DIM
(56,29) fg=White bg=DarkGray mod=DIM
(57,29) fg=DarkGray bg=Reset mod=DIM
(58,29) fg=DarkGray bg=Reset mod=DIM
(59,29) fg=DarkGray bg=Reset mod=DIM
(60,29) fg=DarkGray bg=Reset mod=DIM
(61,29) fg=DarkGray bg=Reset mod=DIM
(62,29) fg=DarkGray bg=Reset mod=DIM
(63,29) fg=DarkGray bg=Reset mod=DIM
(64,29) fg=DarkGray bg=Reset mod=DIM
(65,29) fg=DarkGray bg=Reset mod=DIM
(66,29) fg=DarkGray bg=Reset mod=DIM
(67,29) fg=DarkGray bg=Reset mod=DIM
(68,29) fg=DarkGray bg=Reset mod=DIM
(69,29) fg=DarkGray bg=Reset mod=DIM
(70,29) fg=DarkGray bg=Reset mod=DIM
(71,29) fg=DarkGray bg=Reset mod=DIM
(72,29) fg=DarkGray bg=Reset mod=DIM
(73,29) fg=DarkGray bg=Reset mod=DIM
(74,29) fg=DarkGray bg=Reset mod=DIM
(75,29) fg=DarkGray bg=Reset mod=DIM
(76,29) fg=DarkGray bg=Reset mod=DIM
(77,29) fg=DarkGray bg=Reset mod=DIM
(78,29) fg=DarkGray bg=Reset mod=DIM
(79,29) fg=DarkGray bg=Reset mod=DIM
(80,29) fg=DarkGray bg=Reset mod=DIM
(81,29) fg=DarkGray bg=Reset mod=DIM
(82,29) fg=DarkGray bg=Reset mod=DIM
(83,29) fg=DarkGray bg=Reset mod=DIM
(84,29) fg=DarkGray bg=Reset mod=DIM
(85,29) fg=DarkGray bg=Reset mod=DIM
(86,29) fg=DarkGray bg=Reset mod=DIM
(87,29) fg=DarkGray bg=Reset mod=DIM
(88,29) fg=DarkGray bg=Reset mod=DIM
(89,29) fg=DarkGray bg=Reset mod=DIM
(90,29) fg=DarkGray bg=Reset mod=DIM
(91,29) fg=DarkGray bg=Reset mod=DIM
(92,29) fg=White bg=DarkGray mod=DIM
(93,29) fg=White bg=DarkGray mod=DIM
(94,29) fg=White bg=DarkGray mod=DIM
(95,29) fg=DarkGray bg=Reset mod=DIM
(96,29) fg=DarkGray bg=Reset mod=DIM
(97,29) fg=DarkGray bg=Reset mod=DIM
(98,29) fg=DarkGray bg=Reset mod=DIM
(99,29) fg=DarkGray bg=Reset mod=DIM
