╭ HOSTS ── search: 6/22 ───────────────────────────────────────────────────────────────────────────╮
│     NAME               ADDRESS                                   TAGS                      LAST▾ │
│──────────────────────────────────────────────────────────────────────────────────────────────────│
│▌  ● aws-api-prod       52.47.100.23 ↗                            production api aws          4h  │
│   ● aws-api-staging    52.47.100.24                              staging api aws             5h  │
│   ● aws-worker-eu      3.120.55.17                               production worker aws       6h  │
│   ● aws-batch-us       52.47.100.25                              production batch aws        7h  │
│   ● aws-ml-eu          3.120.55.18                               ml aws                      8h  │
│   ✖ aws-cache-eu       3.120.55.19                               cache aws                   9h  │
│                                                                                                  │
│                                                                                                  │
│                                                                                                  │
│                                                                                                  │
│                                                                                                  │
│                                                                                                  │
│                                                                                                  │
│                                                                                                  │
│                                                                                                  │
│                                                                                                  │
│                                                                                                  │
│                                                                                                  │
│                                                                                                  │
│                                                                                                  │
│                                                                                                  │
│                                                                                                  │
│                                                                                                  │
│                                                                                                  │
╰──────────────────────────────────────────────────────────────────────────────────── getpurple.sh ╯
 /  aws_ (6 of 22)                                                                                  
 Enter  connect    Ctrl+E  edit    Esc  cancel    tag: fuzzy  tag= exact                            
---STYLES---
(0,0) fg=Magenta bg=Reset mod=-
(1,0) fg=Magenta bg=Reset mod=BOLD
(2,0) fg=Magenta bg=Reset mod=BOLD
(3,0) fg=Magenta bg=Reset mod=BOLD
(4,0) fg=Magenta bg=Reset mod=BOLD
(5,0) fg=Magenta bg=Reset mod=BOLD
(6,0) fg=Magenta bg=Reset mod=BOLD
(7,0) fg=Magenta bg=Reset mod=BOLD
(8,0) fg=Magenta bg=Reset mod=DIM
(9,0) fg=Magenta bg=Reset mod=DIM
(10,0) fg=Magenta bg=Reset mod=DIM
(11,0) fg=Magenta bg=Reset mod=BOLD
(12,0) fg=Magenta bg=Reset mod=BOLD
(13,0) fg=Magenta bg=Reset mod=BOLD
(14,0) fg=Magenta bg=Reset mod=BOLD
(15,0) fg=Magenta bg=Reset mod=BOLD
(16,0) fg=Magenta bg=Reset mod=BOLD
(17,0) fg=Magenta bg=Reset mod=BOLD
(18,0) fg=Magenta bg=Reset mod=BOLD
(19,0) fg=Magenta bg=Reset mod=BOLD
(20,0) fg=Magenta bg=Reset mod=BOLD
(21,0) fg=Magenta bg=Reset mod=BOLD
(22,0) fg=Magenta bg=Reset mod=BOLD
(23,0) fg=Magenta bg=Reset mod=BOLD
(24,0) fg=Magenta bg=Reset mod=-
(25,0) fg=Magenta bg=Reset mod=-
(26,0) fg=Magenta bg=Reset mod=-
(27,0) fg=Magenta bg=Reset mod=-
(28,0) fg=Magenta bg=Reset mod=-
(29,0) fg=Magenta bg=Reset mod=-
(30,0) fg=Magenta bg=Reset mod=-
(31,0) fg=Magenta bg=Reset mod=-
(32,0) fg=Magenta bg=Reset mod=-
(33,0) fg=Magenta bg=Reset mod=-
(34,0) fg=Magenta bg=Reset mod=-
(35,0) fg=Magenta bg=Reset mod=-
(36,0) fg=Magenta bg=Reset mod=-
(37,0) fg=Magenta bg=Reset mod=-
(38,0) fg=Magenta bg=Reset mod=-
(39,0) fg=Magenta bg=Reset mod=-
(40,0) fg=Magenta bg=Reset mod=-
(41,0) fg=Magenta bg=Reset mod=-
(42,0) fg=Magenta bg=Reset mod=-
(43,0) fg=Magenta bg=Reset mod=-
(44,0) fg=Magenta bg=Reset mod=-
(45,0) fg=Magenta bg=Reset mod=-
(46,0) fg=Magenta bg=Reset mod=-
(47,0) fg=Magenta bg=Reset mod=-
(48,0) fg=Magenta bg=Reset mod=-
(49,0) fg=Magenta bg=Reset mod=-
(50,0) fg=Magenta bg=Reset mod=-
(51,0) fg=Magenta bg=Reset mod=-
(52,0) fg=Magenta bg=Reset mod=-
(53,0) fg=Magenta bg=Reset mod=-
(54,0) fg=Magenta bg=Reset mod=-
(55,0) fg=Magenta bg=Reset mod=-
(56,0) fg=Magenta bg=Reset mod=-
(57,0) fg=Magenta bg=Reset mod=-
(58,0) fg=Magenta bg=Reset mod=-
(59,0) fg=Magenta bg=Reset mod=-
(60,0) fg=Magenta bg=Reset mod=-
(61,0) fg=Magenta bg=Reset mod=-
(62,0) fg=Magenta bg=Reset mod=-
(63,0) fg=Magenta bg=Reset mod=-
(64,0) fg=Magenta bg=Reset mod=-
(65,0) fg=Magenta bg=Reset mod=-
(66,0) fg=Magenta bg=Reset mod=-
(67,0) fg=Magenta bg=Reset mod=-
(68,0) fg=Magenta bg=Reset mod=-
(69,0) fg=Magenta bg=Reset mod=-
(70,0) fg=Magenta bg=Reset mod=-
(71,0) fg=Magenta bg=Reset mod=-
(72,0) fg=Magenta bg=Reset mod=-
(73,0) fg=Magenta bg=Reset mod=-
(74,0) fg=Magenta bg=Reset mod=-
(75,0) fg=Magenta bg=Reset mod=-
(76,0) fg=Magenta bg=Reset mod=-
(77,0) fg=Magenta bg=Reset mod=-
(78,0) fg=Magenta bg=Reset mod=-
(79,0) fg=Magenta bg=Reset mod=-
(80,0) fg=Magenta bg=Reset mod=-
(81,0) fg=Magenta bg=Reset mod=-
(82,0) fg=Magenta bg=Reset mod=-
(83,0) fg=Magenta bg=Reset mod=-
(84,0) fg=Magenta bg=Reset mod=-
(85,0) fg=Magenta bg=Reset mod=-
(86,0) fg=Magenta bg=Reset mod=-
(87,0) fg=Magenta bg=Reset mod=-
(88,0) fg=Magenta bg=Reset mod=-
(89,0) fg=Magenta bg=Reset mod=-
(90,0) fg=Magenta bg=Reset mod=-
(91,0) fg=Magenta bg=Reset mod=-
(92,0) fg=Magenta bg=Reset mod=-
(93,0) fg=Magenta bg=Reset mod=-
(94,0) fg=Magenta bg=Reset mod=-
(95,0) fg=Magenta bg=Reset mod=-
(96,0) fg=Magenta bg=Reset mod=-
(97,0) fg=Magenta bg=Reset mod=-
(98,0) fg=Magenta bg=Reset mod=-
(99,0) fg=Magenta bg=Reset mod=-
(0,1) fg=Magenta bg=Reset mod=-
(1,1) fg=Reset bg=Reset mod=BOLD
(2,1) fg=Reset bg=Reset mod=BOLD
(3,1) fg=Reset bg=Reset mod=BOLD
(4,1) fg=Reset bg=Reset mod=BOLD
(5,1) fg=Reset bg=Reset mod=BOLD
(6,1) fg=Reset bg=Reset mod=BOLD
(7,1) fg=Reset bg=Reset mod=BOLD
(8,1) fg=Reset bg=Reset mod=BOLD
(9,1) fg=Reset bg=Reset mod=BOLD
(10,1) fg=Reset bg=Reset mod=BOLD
(11,1) fg=Reset bg=Reset mod=BOLD
(12,1) fg=Reset bg=Reset mod=BOLD
(13,1) fg=Reset bg=Reset mod=BOLD
(14,1) fg=Reset bg=Reset mod=BOLD
(15,1) fg=Reset bg=Reset mod=BOLD
(16,1) fg=Reset bg=Reset mod=BOLD
(17,1) fg=Reset bg=Reset mod=BOLD
(18,1) fg=Reset bg=Reset mod=BOLD
(19,1) fg=Reset bg=Reset mod=BOLD
(20,1) fg=Reset bg=Reset mod=BOLD
(21,1) fg=Reset bg=Reset mod=BOLD
(22,1) fg=Reset bg=Reset mod=BOLD
(25,1) fg=Reset bg=Reset mod=BOLD
(26,1) fg=Reset bg=Reset mod=BOLD
(27,1) fg=Reset bg=Reset mod=BOLD
(28,1) fg=Reset bg=Reset mod=BOLD
(29,1) fg=Reset bg=Reset mod=BOLD
(30,1) fg=Reset bg=Reset mod=BOLD
(31,1) fg=Reset bg=Reset mod=BOLD
(32,1) fg=Reset bg=Reset mod=BOLD
(33,1) fg=Reset bg=Reset mod=BOLD
(34,1) fg=Reset bg=Reset mod=BOLD
(35,1) fg=Reset bg=Reset mod=BOLD
(36,1) fg=Reset bg=Reset mod=BOLD
(37,1) fg=Reset bg=Reset mod=BOLD
(38,1) fg=Reset bg=Reset mod=BOLD
(67,1) fg=Reset bg=Reset mod=BOLD
(68,1) fg=Reset bg=Reset mod=BOLD
(69,1) fg=Reset bg=Reset mod=BOLD
(70,1) fg=Reset bg=Reset mod=BOLD
(71,1) fg=Reset bg=Reset mod=BOLD
(72,1) fg=Reset bg=Reset mod=BOLD
(73,1) fg=Reset bg=Reset mod=BOLD
(74,1) fg=Reset bg=Reset mod=BOLD
(75,1) fg=Reset bg=Reset mod=BOLD
(76,1) fg=Reset bg=Reset mod=BOLD
(77,1) fg=Reset bg=Reset mod=BOLD
(78,1) fg=Reset bg=Reset mod=BOLD
(79,1) fg=Reset bg=Reset mod=BOLD
(80,1) fg=Reset bg=Reset mod=BOLD
(81,1) fg=Reset bg=Reset mod=BOLD
(82,1) fg=Reset bg=Reset mod=BOLD
(83,1) fg=Reset bg=Reset mod=BOLD
(84,1) fg=Reset bg=Reset mod=BOLD
(85,1) fg=Reset bg=Reset mod=BOLD
(86,1) fg=Reset bg=Reset mod=BOLD
(87,1) fg=Reset bg=Reset mod=BOLD
(88,1) fg=Reset bg=Reset mod=BOLD
(89,1) fg=Reset bg=Reset mod=BOLD
(90,1) fg=Reset bg=Reset mod=BOLD
(93,1) fg=Reset bg=Reset mod=BOLD
(94,1) fg=Reset bg=Reset mod=BOLD
(95,1) fg=Reset bg=Reset mod=BOLD
(96,1) fg=Reset bg=Reset mod=BOLD
(97,1) fg=Reset bg=Reset mod=BOLD
(99,1) fg=Magenta bg=Reset mod=-
(0,2) fg=Magenta bg=Reset mod=-
(1,2) fg=Reset bg=Reset mod=DIM
(2,2) fg=Reset bg=Reset mod=DIM
(3,2) fg=Reset bg=Reset mod=DIM
(4,2) fg=Reset bg=Reset mod=DIM
(5,2) fg=Reset bg=Reset mod=DIM
(6,2) fg=Reset bg=Reset mod=DIM
(7,2) fg=Reset bg=Reset mod=DIM
(8,2) fg=Reset bg=Reset mod=DIM
(9,2) fg=Reset bg=Reset mod=DIM
(10,2) fg=Reset bg=Reset mod=DIM
(11,2) fg=Reset bg=Reset mod=DIM
(12,2) fg=Reset bg=Reset mod=DIM
(13,2) fg=Reset bg=Reset mod=DIM
(14,2) fg=Reset bg=Reset mod=DIM
(15,2) fg=Reset bg=Reset mod=DIM
(16,2) fg=Reset bg=Reset mod=DIM
(17,2) fg=Reset bg=Reset mod=DIM
(18,2) fg=Reset bg=Reset mod=DIM
(19,2) fg=Reset bg=Reset mod=DIM
(20,2) fg=Reset bg=Reset mod=DIM
(21,2) fg=Reset bg=Reset mod=DIM
(22,2) fg=Reset bg=Reset mod=DIM
(23,2) fg=Reset bg=Reset mod=DIM
(24,2) fg=Reset bg=Reset mod=DIM
(25,2) fg=Reset bg=Reset mod=DIM
(26,2) fg=Reset bg=Reset mod=DIM
(27,2) fg=Reset bg=Reset mod=DIM
(28,2) fg=Reset bg=Reset mod=DIM
(29,2) fg=Reset bg=Reset mod=DIM
(30,2) fg=Reset bg=Reset mod=DIM
(31,2) fg=Reset bg=Reset mod=DIM
(32,2) fg=Reset bg=Reset mod=DIM
(33,2) fg=Reset bg=Reset mod=DIM
(34,2) fg=Reset bg=Reset mod=DIM
(35,2) fg=Reset bg=Reset mod=DIM
(36,2) fg=Reset bg=Reset mod=DIM
(37,2) fg=Reset bg=Reset mod=DIM
(38,2) fg=Reset bg=Reset mod=DIM
(39,2) fg=Reset bg=Reset mod=DIM
(40,2) fg=Reset bg=Reset mod=DIM
(41,2) fg=Reset bg=Reset mod=DIM
(42,2) fg=Reset bg=Reset mod=DIM
(43,2) fg=Reset bg=Reset mod=DIM
(44,2) fg=Reset bg=Reset mod=DIM
(45,2) fg=Reset bg=Reset mod=DIM
(46,2) fg=Reset bg=Reset mod=DIM
(47,2) fg=Reset bg=Reset mod=DIM
(48,2) fg=Reset bg=Reset mod=DIM
(49,2) fg=Reset bg=Reset mod=DIM
(50,2) fg=Reset bg=Reset mod=DIM
(51,2) fg=Reset bg=Reset mod=DIM
(52,2) fg=Reset bg=Reset mod=DIM
(53,2) fg=Reset bg=Reset mod=DIM
(54,2) fg=Reset bg=Reset mod=DIM
(55,2) fg=Reset bg=Reset mod=DIM
(56,2) fg=Reset bg=Reset mod=DIM
(57,2) fg=Reset bg=Reset mod=DIM
(58,2) fg=Reset bg=Reset mod=DIM
(59,2) fg=Reset bg=Reset mod=DIM
(60,2) fg=Reset bg=Reset mod=DIM
(61,2) fg=Reset bg=Reset mod=DIM
(62,2) fg=Reset bg=Reset mod=DIM
(63,2) fg=Reset bg=Reset mod=DIM
(64,2) fg=Reset bg=Reset mod=DIM
(65,2) fg=Reset bg=Reset mod=DIM
(66,2) fg=Reset bg=Reset mod=DIM
(67,2) fg=Reset bg=Reset mod=DIM
(68,2) fg=Reset bg=Reset mod=DIM
(69,2) fg=Reset bg=Reset mod=DIM
(70,2) fg=Reset bg=Reset mod=DIM
(71,2) fg=Reset bg=Reset mod=DIM
(72,2) fg=Reset bg=Reset mod=DIM
(73,2) fg=Reset bg=Reset mod=DIM
(74,2) fg=Reset bg=Reset mod=DIM
(75,2) fg=Reset bg=Reset mod=DIM
(76,2) fg=Reset bg=Reset mod=DIM
(77,2) fg=Reset bg=Reset mod=DIM
(78,2) fg=Reset bg=Reset mod=DIM
(79,2) fg=Reset bg=Reset mod=DIM
(80,2) fg=Reset bg=Reset mod=DIM
(81,2) fg=Reset bg=Reset mod=DIM
(82,2) fg=Reset bg=Reset mod=DIM
(83,2) fg=Reset bg=Reset mod=DIM
(84,2) fg=Reset bg=Reset mod=DIM
(85,2) fg=Reset bg=Reset mod=DIM
(86,2) fg=Reset bg=Reset mod=DIM
(87,2) fg=Reset bg=Reset mod=DIM
(88,2) fg=Reset bg=Reset mod=DIM
(89,2) fg=Reset bg=Reset mod=DIM
(90,2) fg=Reset bg=Reset mod=DIM
(91,2) fg=Reset bg=Reset mod=DIM
(92,2) fg=Reset bg=Reset mod=DIM
(93,2) fg=Reset bg=Reset mod=DIM
(94,2) fg=Reset bg=Reset mod=DIM
(95,2) fg=Reset bg=Reset mod=DIM
(96,2) fg=Reset bg=Reset mod=DIM
(97,2) fg=Reset bg=Reset mod=DIM
(98,2) fg=Reset bg=Reset mod=DIM
(99,2) fg=Magenta bg=Reset mod=-
(0,3) fg=Magenta bg=Reset mod=-
(1,3) fg=White bg=Magenta mod=BOLD
(2,3) fg=White bg=Magenta mod=BOLD|REVERSED
(3,3) fg=White bg=Magenta mod=BOLD|REVERSED
(4,3) fg=White bg=Magenta mod=BOLD
(5,3) fg=White bg=Magenta mod=BOLD
(6,3) fg=White bg=Magenta mod=BOLD|REVERSED
(7,3) fg=White bg=Magenta mod=BOLD|REVERSED
(8,3) fg=White bg=Magenta mod=BOLD|REVERSED
(9,3) fg=White bg=Magenta mod=BOLD|REVERSED
(10,3) fg=White bg=Magenta mod=BOLD|REVERSED
(11,3) fg=White bg=Magenta mod=BOLD|REVERSED
(12,3) fg=White bg=Magenta mod=BOLD|REVERSED
(13,3) fg=White bg=Magenta mod=BOLD|REVERSED
(14,3) fg=White bg=Magenta mod=BOLD|REVERSED
(15,3) fg=White bg=Magenta mod=BOLD|REVERSED
(16,3) fg=White bg=Magenta mod=BOLD|REVERSED
(17,3) fg=White bg=Magenta mod=BOLD|REVERSED
(18,3) fg=White bg=Magenta mod=BOLD|REVERSED
(19,3) fg=White bg=Magenta mod=BOLD|REVERSED
(20,3) fg=White bg=Magenta mod=BOLD|REVERSED
(21,3) fg=White bg=Magenta mod=BOLD|REVERSED
(22,3) fg=White bg=Magenta mod=BOLD|REVERSED
(23,3) fg=White bg=Magenta mod=BOLD
(24,3) fg=White bg=Magenta mod=BOLD
(25,3) fg=White bg=Magenta mod=BOLD
(26,3) fg=White bg=Magenta mod=BOLD
(27,3) fg=White bg=Magenta mod=BOLD
(28,3) fg=White bg=Magenta mod=BOLD
(29,3) fg=White bg=Magenta mod=BOLD
(30,3) fg=White bg=Magenta mod=BOLD
(31,3) fg=White bg=Magenta mod=BOLD
(32,3) fg=White bg=Magenta mod=BOLD
(33,3) fg=White bg=Magenta mod=BOLD
(34,3) fg=White bg=Magenta mod=BOLD
(35,3) fg=White bg=Magenta mod=BOLD
(36,3) fg=White bg=Magenta mod=BOLD
(37,3) fg=White bg=Magenta mod=BOLD
(38,3) fg=White bg=Magenta mod=BOLD
(39,3) fg=White bg=Magenta mod=BOLD
(40,3) fg=White bg=Magenta mod=BOLD
(41,3) fg=White bg=Magenta mod=BOLD
(42,3) fg=White bg=Magenta mod=BOLD
(43,3) fg=White bg=Magenta mod=BOLD
(44,3) fg=White bg=Magenta mod=BOLD
(45,3) fg=White bg=Magenta mod=BOLD
(46,3) fg=White bg=Magenta mod=BOLD
(47,3) fg=White bg=Magenta mod=BOLD
(48,3) fg=White bg=Magenta mod=BOLD
(49,3) fg=White bg=Magenta mod=BOLD
(50,3) fg=White bg=Magenta mod=BOLD
(51,3) fg=White bg=Magenta mod=BOLD
(52,3) fg=White bg=Magenta mod=BOLD
(53,3) fg=White bg=Magenta mod=BOLD
(54,3) fg=White bg=Magenta mod=BOLD
(55,3) fg=White bg=Magenta mod=BOLD
(56,3) fg=White bg=Magenta mod=BOLD
(57,3) fg=White bg=Magenta mod=BOLD
(58,3) fg=White bg=Magenta mod=BOLD
(59,3) fg=White bg=Magenta mod=BOLD
(60,3) fg=White bg=Magenta mod=BOLD
(61,3) fg=White bg=Magenta mod=BOLD
(62,3) fg=White bg=Magenta mod=BOLD
(63,3) fg=White bg=Magenta mod=BOLD
(64,3) fg=White bg=Magenta mod=BOLD
(65,3) fg=White bg=Magenta mod=BOLD
(66,3) fg=White bg=Magenta mod=BOLD
(67,3) fg=White bg=Magenta mod=BOLD
(68,3) fg=White bg=Magenta mod=BOLD
(69,3) fg=White bg=Magenta mod=BOLD
(70,3) fg=White bg=Magenta mod=BOLD
(71,3) fg=White bg=Magenta mod=BOLD
(72,3) fg=White bg=Magenta mod=BOLD
(73,3) fg=White bg=Magenta mod=BOLD
(74,3) fg=White bg=Magenta mod=BOLD
(75,3) fg=White bg=Magenta mod=BOLD
(76,3) fg=White bg=Magenta mod=BOLD
(77,3) fg=White bg=Magenta mod=BOLD
(78,3) fg=White bg=Magenta mod=BOLD
(79,3) fg=White bg=Magenta mod=BOLD
(80,3) fg=White bg=Magenta mod=BOLD
(81,3) fg=White bg=Magenta mod=BOLD
(82,3) fg=White bg=Magenta mod=BOLD
(83,3) fg=White bg=Magenta mod=BOLD
(84,3) fg=White bg=Magenta mod=BOLD
(85,3) fg=White bg=Magenta mod=BOLD
(86,3) fg=White bg=Magenta mod=BOLD
(87,3) fg=White bg=Magenta mod=BOLD
(88,3) fg=White bg=Magenta mod=BOLD
(89,3) fg=White bg=Magenta mod=BOLD
(90,3) fg=White bg=Magenta mod=BOLD
(91,3) fg=White bg=Magenta mod=BOLD
(92,3) fg=White bg=Magenta mod=BOLD
(93,3) fg=White bg=Magenta mod=BOLD
(94,3) fg=White bg=Magenta mod=BOLD
(95,3) fg=White bg=Magenta mod=BOLD
(96,3) fg=White bg=Magenta mod=BOLD
(97,3) fg=White bg=Magenta mod=BOLD
(98,3) fg=White bg=Magenta mod=BOLD
(99,3) fg=Magenta bg=Reset mod=-
(0,4) fg=Magenta bg=Reset mod=-
(2,4) fg=Reset bg=Reset mod=BOLD|REVERSED
(3,4) fg=Reset bg=Reset mod=BOLD|REVERSED
(4,4) fg=Green bg=Reset mod=-
(5,4) fg=Green bg=Reset mod=-
(6,4) fg=Reset bg=Reset mod=BOLD|REVERSED
(7,4) fg=Reset bg=Reset mod=BOLD|REVERSED
(8,4) fg=Reset bg=Reset mod=BOLD|REVERSED
(9,4) fg=Reset bg=Reset mod=BOLD|REVERSED
(10,4) fg=Reset bg=Reset mod=BOLD|REVERSED
(11,4) fg=Reset bg=Reset mod=BOLD|REVERSED
(12,4) fg=Reset bg=Reset mod=BOLD|REVERSED
(13,4) fg=Reset bg=Reset mod=BOLD|REVERSED
(14,4) fg=Reset bg=Reset mod=BOLD|REVERSED
(15,4) fg=Reset bg=Reset mod=BOLD|REVERSED
(16,4) fg=Reset bg=Reset mod=BOLD|REVERSED
(17,4) fg=Reset bg=Reset mod=BOLD|REVERSED
(18,4) fg=Reset bg=Reset mod=BOLD|REVERSED
(19,4) fg=Reset bg=Reset mod=BOLD|REVERSED
(20,4) fg=Reset bg=Reset mod=BOLD|REVERSED
(21,4) fg=Reset bg=Reset mod=BOLD|REVERSED
(22,4) fg=Reset bg=Reset mod=BOLD|REVERSED
(25,4) fg=Reset bg=Reset mod=DIM
(26,4) fg=Reset bg=Reset mod=DIM
(27,4) fg=Reset bg=Reset mod=DIM
(28,4) fg=Reset bg=Reset mod=DIM
(29,4) fg=Reset bg=Reset mod=DIM
(30,4) fg=Reset bg=Reset mod=DIM
(31,4) fg=Reset bg=Reset mod=DIM
(32,4) fg=Reset bg=Reset mod=DIM
(33,4) fg=Reset bg=Reset mod=DIM
(34,4) fg=Reset bg=Reset mod=DIM
(35,4) fg=Reset bg=Reset mod=DIM
(36,4) fg=Reset bg=Reset mod=DIM
(67,4) fg=Magenta bg=Reset mod=-
(68,4) fg=Magenta bg=Reset mod=-
(69,4) fg=Magenta bg=Reset mod=-
(70,4) fg=Magenta bg=Reset mod=-
(71,4) fg=Magenta bg=Reset mod=-
(72,4) fg=Magenta bg=Reset mod=-
(73,4) fg=Magenta bg=Reset mod=-
(75,4) fg=Magenta bg=Reset mod=-
(76,4) fg=Magenta bg=Reset mod=-
(77,4) fg=Magenta bg=Reset mod=-
(79,4) fg=Reset bg=Reset mod=DIM
(80,4) fg=Reset bg=Reset mod=DIM
(81,4) fg=Reset bg=Reset mod=DIM
(93,4) fg=Reset bg=Reset mod=DIM
(94,4) fg=Reset bg=Reset mod=DIM
(95,4) fg=Reset bg=Reset mod=DIM
(96,4) fg=Reset bg=Reset mod=DIM
(99,4) fg=Magenta bg=Reset mod=-
(0,5) fg=Magenta bg=Reset mod=-
(2,5) fg=Reset bg=Reset mod=BOLD|REVERSED
(3,5) fg=Reset bg=Reset mod=BOLD|REVERSED
(4,5) fg=Green bg=Reset mod=-
(5,5) fg=Green bg=Reset mod=-
(6,5) fg=Reset bg=Reset mod=BOLD|REVERSED
(7,5) fg=Reset bg=Reset mod=BOLD|REVERSED
(8,5) fg=Reset bg=Reset mod=BOLD|REVERSED
(9,5) fg=Reset bg=Reset mod=BOLD|REVERSED
(10,5) fg=Reset bg=Reset mod=BOLD|REVERSED
(11,5) fg=Reset bg=Reset mod=BOLD|REVERSED
(12,5) fg=Reset bg=Reset mod=BOLD|REVERSED
(13,5) fg=Reset bg=Reset mod=BOLD|REVERSED
(14,5) fg=Reset bg=Reset mod=BOLD|REVERSED
(15,5) fg=Reset bg=Reset mod=BOLD|REVERSED
(16,5) fg=Reset bg=Reset mod=BOLD|REVERSED
(17,5) fg=Reset bg=Reset mod=BOLD|REVERSED
(18,5) fg=Reset bg=Reset mod=BOLD|REVERSED
(19,5) fg=Reset bg=Reset mod=BOLD|REVERSED
(20,5) fg=Reset bg=Reset mod=BOLD|REVERSED
(21,5) fg=Reset bg=Reset mod=BOLD|REVERSED
(22,5) fg=Reset bg=Reset mod=BOLD|REVERSED
(25,5) fg=Reset bg=Reset mod=DIM
(26,5) fg=Reset bg=Reset mod=DIM
(27,5) fg=Reset bg=Reset mod=DIM
(28,5) fg=Reset bg=Reset mod=DIM
(29,5) fg=Reset bg=Reset mod=DIM
(30,5) fg=Reset bg=Reset mod=DIM
(31,5) fg=Reset bg=Reset mod=DIM
(32,5) fg=Reset bg=Reset mod=DIM
(33,5) fg=Reset bg=Reset mod=DIM
(34,5) fg=Reset bg=Reset mod=DIM
(35,5) fg=Reset bg=Reset mod=DIM
(67,5) fg=Magenta bg=Reset mod=-
(68,5) fg=Magenta bg=Reset mod=-
(69,5) fg=Magenta bg=Reset mod=-
(70,5) fg=Magenta bg=Reset mod=-
(71,5) fg=Magenta bg=Reset mod=-
(72,5) fg=Magenta bg=Reset mod=-
(73,5) fg=Magenta bg=Reset mod=-
(74,5) fg=Magenta bg=Reset mod=-
(75,5) fg=Magenta bg=Reset mod=-
(76,5) fg=Magenta bg=Reset mod=-
(78,5) fg=Magenta bg=Reset mod=-
(79,5) fg=Magenta bg=Reset mod=-
(80,5) fg=Magenta bg=Reset mod=-
(81,5) fg=Magenta bg=Reset mod=-
(82,5) fg=Magenta bg=Reset mod=-
(83,5) fg=Magenta bg=Reset mod=-
(85,5) fg=Reset bg=Reset mod=DIM
(86,5) fg=Reset bg=Reset mod=DIM
(87,5) fg=Reset bg=Reset mod=DIM
(93,5) fg=Reset bg=Reset mod=DIM
(94,5) fg=Reset bg=Reset mod=DIM
(95,5) fg=Reset bg=Reset mod=DIM
(96,5) fg=Reset bg=Reset mod=DIM
(99,5) fg=Magenta bg=Reset mod=-
(0,6) fg=Magenta bg=Reset mod=-
(2,6) fg=Reset bg=Reset mod=BOLD|REVERSED
(3,6) fg=Reset bg=Reset mod=BOLD|REVERSED
(4,6) fg=Green bg=Reset mod=-
(5,6) fg=Green bg=Reset mod=-
(6,6) fg=Reset bg=Reset mod=BOLD|REVERSED
(7,6) fg=Reset bg=Reset mod=BOLD|REVERSED
(8,6) fg=Reset bg=Reset mod=BOLD|REVERSED
(9,6) fg=Reset bg=Reset mod=BOLD|REVERSED
(10,6) fg=Reset bg=Reset mod=BOLD|REVERSED
(11,6) fg=Reset bg=Reset mod=BOLD|REVERSED
(12,6) fg=Reset bg=Reset mod=BOLD|REVERSED
(13,6) fg=Reset bg=Reset mod=BOLD|REVERSED
(14,6) fg=Reset bg=Reset mod=BOLD|REVERSED
(15,6) fg=Reset bg=Reset mod=BOLD|REVERSED
(16,6) fg=Reset bg=Reset mod=BOLD|REVERSED
(17,6) fg=Reset bg=Reset mod=BOLD|REVERSED
(18,6) fg=Reset bg=Reset mod=BOLD|REVERSED
(19,6) fg=Reset bg=Reset mod=BOLD|REVERSED
(20,6) fg=Reset bg=Reset mod=BOLD|REVERSED
(21,6) fg=Reset bg=Reset mod=BOLD|REVERSED
(22,6) fg=Reset bg=Reset mod=BOLD|REVERSED
(25,6) fg=Reset bg=Reset mod=DIM
(26,6) fg=Reset bg=Reset mod=DIM
(27,6) fg=Reset bg=Reset mod=DIM
(28,6) fg=Reset bg=Reset mod=DIM
(29,6) fg=Reset bg=Reset mod=DIM
(30,6) fg=Reset bg=Reset mod=DIM
(31,6) fg=Reset bg=Reset mod=DIM
(32,6) fg=Reset bg=Reset mod=DIM
(33,6) fg=Reset bg=Reset mod=DIM
(34,6) fg=Reset bg=Reset mod=DIM
(35,6) fg=Reset bg=Reset mod=DIM
(36,6) fg=Reset bg=Reset mod=DIM
(67,6) fg=Magenta bg=Reset mod=-
(68,6) fg=Magenta bg=Reset mod=-
(69,6) fg=Magenta bg=Reset mod=-
(70,6) fg=Magenta bg=Reset mod=-
(71,6) fg=Magenta bg=Reset mod=-
(72,6) fg=Magenta bg=Reset mod=-
(73,6) fg=Magenta bg=Reset mod=-
(74,6) fg=Magenta bg=Reset mod=-
(75,6) fg=Magenta bg=Reset mod=-
(76,6) fg=Magenta bg=Reset mod=-
(78,6) fg=Magenta bg=Reset mod=-
(79,6) fg=Magenta bg=Reset mod=-
(80,6) fg=Magenta bg=Reset mod=-
(81,6) fg=Magenta bg=Reset mod=-
(82,6) fg=Magenta bg=Reset mod=-
(84,6) fg=Reset bg=Reset mod=DIM
(85,6) fg=Reset bg=Reset mod=DIM
(86,6) fg=Reset bg=Reset mod=DIM
(93,6) fg=Reset bg=Reset mod=DIM
(94,6) fg=Reset bg=Reset mod=DIM
(95,6) fg=Reset bg=Reset mod=DIM
(96,6) fg=Reset bg=Reset mod=DIM
(99,6) fg=Magenta bg=Reset mod=-
(0,7) fg=Magenta bg=Reset mod=-
(2,7) fg=Reset bg=Reset mod=BOLD|REVERSED
(3,7) fg=Reset bg=Reset mod=BOLD|REVERSED
(4,7) fg=Green bg=Reset mod=-
(5,7) fg=Green bg=Reset mod=-
(6,7) fg=Reset bg=Reset mod=BOLD|REVERSED
(7,7) fg=Reset bg=Reset mod=BOLD|REVERSED
(8,7) fg=Reset bg=Reset mod=BOLD|REVERSED
(9,7) fg=Reset bg=Reset mod=BOLD|REVERSED
(10,7) fg=Reset bg=Reset mod=BOLD|REVERSED
(11,7) fg=Reset bg=Reset mod=BOLD|REVERSED
(12,7) fg=Reset bg=Reset mod=BOLD|REVERSED
(13,7) fg=Reset bg=Reset mod=BOLD|REVERSED
(14,7) fg=Reset bg=Reset mod=BOLD|REVERSED
(15,7) fg=Reset bg=Reset mod=BOLD|REVERSED
(16,7) fg=Reset bg=Reset mod=BOLD|REVERSED
(17,7) fg=Reset bg=Reset mod=BOLD|REVERSED
(18,7) fg=Reset bg=Reset mod=BOLD|REVERSED
(19,7) fg=Reset bg=Reset mod=BOLD|REVERSED
(20,7) fg=Reset bg=Reset mod=BOLD|REVERSED
(21,7) fg=Reset bg=Reset mod=BOLD|REVERSED
(22,7) fg=Reset bg=Reset mod=BOLD|REVERSED
(25,7) fg=Reset bg=Reset mod=DIM
(26,7) fg=Reset bg=Reset mod=DIM
(27,7) fg=Reset bg=Reset mod=DIM
(28,7) fg=Reset bg=Reset mod=DIM
(29,7) fg=Reset bg=Reset mod=DIM
(30,7) fg=Reset bg=Reset mod=DIM
(31,7) fg=Reset bg=Reset mod=DIM
(32,7) fg=Reset bg=Reset mod=DIM
(33,7) fg=Reset bg=Reset mod=DIM
(34,7) fg=Reset bg=Reset mod=DIM
(35,7) fg=Reset bg=Reset mod=DIM
(67,7) fg=Magenta bg=Reset mod=-
(68,7) fg=Magenta bg=Reset mod=-
(70,7) fg=Reset bg=Reset mod=DIM
(71,7) fg=Reset bg=Reset mod=DIM
(72,7) fg=Reset bg=Reset mod=DIM
(93,7) fg=Reset bg=Reset mod=DIM
(94,7) fg=Reset bg=Reset mod=DIM
(95,7) fg=Reset bg=Reset mod=DIM
(96,7) fg=Reset bg=Reset mod=DIM
(99,7) fg=Magenta bg=Reset mod=-
(0,8) fg=Magenta bg=Reset mod=-
(2,8) fg=Reset bg=Reset mod=BOLD|REVERSED
(3,8) fg=Reset bg=Reset mod=BOLD|REVERSED
(4,8) fg=Red bg=Reset mod=BOLD
(5,8) fg=Red bg=Reset mod=BOLD
(6,8) fg=Reset bg=Reset mod=BOLD|REVERSED
(7,8) fg=Reset bg=Reset mod=BOLD|REVERSED
(8,8) fg=Reset bg=Reset mod=BOLD|REVERSED
(9,8) fg=Reset bg=Reset mod=BOLD|REVERSED
(10,8) fg=Reset bg=Reset mod=BOLD|REVERSED
(11,8) fg=Reset bg=Reset mod=BOLD|REVERSED
(12,8) fg=Reset bg=Reset mod=BOLD|REVERSED
(13,8) fg=Reset bg=Reset mod=BOLD|REVERSED
(14,8) fg=Reset bg=Reset mod=BOLD|REVERSED
(15,8) fg=Reset bg=Reset mod=BOLD|REVERSED
(16,8) fg=Reset bg=Reset mod=BOLD|REVERSED
(17,8) fg=Reset bg=Reset mod=BOLD|REVERSED
(18,8) fg=Reset bg=Reset mod=BOLD|REVERSED
(19,8) fg=Reset bg=Reset mod=BOLD|REVERSED
(20,8) fg=Reset bg=Reset mod=BOLD|REVERSED
(21,8) fg=Reset bg=Reset mod=BOLD|REVERSED
(22,8) fg=Reset bg=Reset mod=BOLD|REVERSED
(25,8) fg=Reset bg=Reset mod=DIM
(26,8) fg=Reset bg=Reset mod=DIM
(27,8) fg=Reset bg=Reset mod=DIM
(28,8) fg=Reset bg=Reset mod=DIM
(29,8) fg=Reset bg=Reset mod=DIM
(30,8) fg=Reset bg=Reset mod=DIM
(31,8) fg=Reset bg=Reset mod=DIM
(32,8) fg=Reset bg=Reset mod=DIM
(33,8) fg=Reset bg=Reset mod=DIM
(34,8) fg=Reset bg=Reset mod=DIM
(35,8) fg=Reset bg=Reset mod=DIM
(67,8) fg=Magenta bg=Reset mod=-
(68,8) fg=Magenta bg=Reset mod=-
(69,8) fg=Magenta bg=Reset mod=-
(70,8) fg=Magenta bg=Reset mod=-
(71,8) fg=Magenta bg=Reset mod=-
(73,8) fg=Reset bg=Reset mod=DIM
(74,8) fg=Reset bg=Reset mod=DIM
(75,8) fg=Reset bg=Reset mod=DIM
(93,8) fg=Reset bg=Reset mod=DIM
(94,8) fg=Reset bg=Reset mod=DIM
(95,8) fg=Reset bg=Reset mod=DIM
(96,8) fg=Reset bg=Reset mod=DIM
(99,8) fg=Magenta bg=Reset mod=-
(0,9) fg=Magenta bg=Reset mod=-
(99,9) fg=Magenta bg=Reset mod=-
(0,10) fg=Magenta bg=Reset mod=-
(99,10) fg=Magenta bg=Reset mod=-
(0,11) fg=Magenta bg=Reset mod=-
(99,11) fg=Magenta bg=Reset mod=-
(0,12) fg=Magenta bg=Reset mod=-
(99,12) fg=Magenta bg=Reset mod=-
(0,13) fg=Magenta bg=Reset mod=-
(99,13) fg=Magenta bg=Reset mod=-
(0,14) fg=Magenta bg=Reset mod=-
(99,14) fg=Magenta bg=Reset mod=-
(0,15) fg=Magenta bg=Reset mod=-
(99,15) fg=Magenta bg=Reset mod=-
(0,16) fg=Magenta bg=Reset mod=-
(99,16) fg=Magenta bg=Reset mod=-
(0,17) fg=Magenta bg=Reset mod=-
(99,17) fg=Magenta bg=Reset mod=-
(0,18) fg=Magenta bg=Reset mod=-
(99,18) fg=Magenta bg=Reset mod=-
(0,19) fg=Magenta bg=Reset mod=-
(99,19) fg=Magenta bg=Reset mod=-
(0,20) fg=Magenta bg=Reset mod=-
(99,20) fg=Magenta bg=Reset mod=-
(0,21) fg=Magenta bg=Reset mod=-
(99,21) fg=Magenta bg=Reset mod=-
(0,22) fg=Magenta bg=Reset mod=-
(99,22) fg=Magenta bg=Reset mod=-
(0,23) fg=Magenta bg=Reset mod=-
(99,23) fg=Magenta bg=Reset mod=-
(0,24) fg=Magenta bg=Reset mod=-
(99,24) fg=Magenta bg=Reset mod=-
(0,25) fg=Magenta bg=Reset mod=-
(99,25) fg=Magenta bg=Reset mod=-
(0,26) fg=Magenta bg=Reset mod=-
(99,26) fg=Magenta bg=Reset mod=-
(0,27) fg=Magenta bg=Reset mod=-
(1,27) fg=Magenta bg=Reset mod=-
(2,27) fg=Magenta bg=Reset mod=-
(3,27) fg=Magenta bg=Reset mod=-
(4,27) fg=Magenta bg=Reset mod=-
(5,27) fg=Magenta bg=Reset mod=-
(6,27) fg=Magenta bg=Reset mod=-
(7,27) fg=Magenta bg=Reset mod=-
(8,27) fg=Magenta bg=Reset mod=-
(9,27) fg=Magenta bg=Reset mod=-
(10,27) fg=Magenta bg=Reset mod=-
(11,27) fg=Magenta bg=Reset mod=-
(12,27) fg=Magenta bg=Reset mod=-
(13,27) fg=Magenta bg=Reset mod=-
(14,27) fg=Magenta bg=Reset mod=-
(15,27) fg=Magenta bg=Reset mod=-
(16,27) fg=Magenta bg=Reset mod=-
(17,27) fg=Magenta bg=Reset mod=-
(18,27) fg=Magenta bg=Reset mod=-
(19,27) fg=Magenta bg=Reset mod=-
(20,27) fg=Magenta bg=Reset mod=-
(21,27) fg=Magenta bg=Reset mod=-
(22,27) fg=Magenta bg=Reset mod=-
(23,27) fg=Magenta bg=Reset mod=-
(24,27) fg=Magenta bg=Reset mod=-
(25,27) fg=Magenta bg=Reset mod=-
(26,27) fg=Magenta bg=Reset mod=-
(27,27) fg=Magenta bg=Reset mod=-
(28,27) fg=Magenta bg=Reset mod=-
(29,27) fg=Magenta bg=Reset mod=-
(30,27) fg=Magenta bg=Reset mod=-
(31,27) fg=Magenta bg=Reset mod=-
(32,27) fg=Magenta bg=Reset mod=-
(33,27) fg=Magenta bg=Reset mod=-
(34,27) fg=Magenta bg=Reset mod=-
(35,27) fg=Magenta bg=Reset mod=-
(36,27) fg=Magenta bg=Reset mod=-
(37,27) fg=Magenta bg=Reset mod=-
(38,27) fg=Magenta bg=Reset mod=-
(39,27) fg=Magenta bg=Reset mod=-
(40,27) fg=Magenta bg=Reset mod=-
(41,27) fg=Magenta bg=Reset mod=-
(42,27) fg=Magenta bg=Reset mod=-
(43,27) fg=Magenta bg=Reset mod=-
(44,27) fg=Magenta bg=Reset mod=-
(45,27) fg=Magenta bg=Reset mod=-
(46,27) fg=Magenta bg=Reset mod=-
(47,27) fg=Magenta bg=Reset mod=-
(48,27) fg=Magenta bg=Reset mod=-
(49,27) fg=Magenta bg=Reset mod=-
(50,27) fg=Magenta bg=Reset mod=-
(51,27) fg=Magenta bg=Reset mod=-
(52,27) fg=Magenta bg=Reset mod=-
(53,27) fg=Magenta bg=Reset mod=-
(54,27) fg=Magenta bg=Reset mod=-
(55,27) fg=Magenta bg=Reset mod=-
(56,27) fg=Magenta bg=Reset mod=-
(57,27) fg=Magenta bg=Reset mod=-
(58,27) fg=Magenta bg=Reset mod=-
(59,27) fg=Magenta bg=Reset mod=-
(60,27) fg=Magenta bg=Reset mod=-
(61,27) fg=Magenta bg=Reset mod=-
(62,27) fg=Magenta bg=Reset mod=-
(63,27) fg=Magenta bg=Reset mod=-
(64,27) fg=Magenta bg=Reset mod=-
(65,27) fg=Magenta bg=Reset mod=-
(66,27) fg=Magenta bg=Reset mod=-
(67,27) fg=Magenta bg=Reset mod=-
(68,27) fg=Magenta bg=Reset mod=-
(69,27) fg=Magenta bg=Reset mod=-
(70,27) fg=Magenta bg=Reset mod=-
(71,27) fg=Magenta bg=Reset mod=-
(72,27) fg=Magenta bg=Reset mod=-
(73,27) fg=Magenta bg=Reset mod=-
(74,27) fg=Magenta bg=Reset mod=-
(75,27) fg=Magenta bg=Reset mod=-
(76,27) fg=Magenta bg=Reset mod=-
(77,27) fg=Magenta bg=Reset mod=-
(78,27) fg=Magenta bg=Reset mod=-
(79,27) fg=Magenta bg=Reset mod=-
(80,27) fg=Magenta bg=Reset mod=-
(81,27) fg=Magenta bg=Reset mod=-
(82,27) fg=Magenta bg=Reset mod=-
(83,27) fg=Magenta bg=Reset mod=-
(84,27) fg=Magenta bg=Reset mod=-
(85,27) fg=Magenta bg=Reset mod=DIM
(86,27) fg=Magenta bg=Reset mod=DIM
(87,27) fg=Magenta bg=Reset mod=DIM
(88,27) fg=Magenta bg=Reset mod=DIM
(89,27) fg=Magenta bg=Reset mod=DIM
(90,27) fg=Magenta bg=Reset mod=DIM
(91,27) fg=Magenta bg=Reset mod=DIM
(92,27) fg=Magenta bg=Reset mod=DIM
(93,27) fg=Magenta bg=Reset mod=DIM
(94,27) fg=Magenta bg=Reset mod=DIM
(95,27) fg=Magenta bg=Reset mod=DIM
(96,27) fg=Magenta bg=Reset mod=DIM
(97,27) fg=Magenta bg=Reset mod=DIM
(98,27) fg=Magenta bg=Reset mod=DIM
(99,27) fg=Magenta bg=Reset mod=-
(0,28) fg=White bg=Magenta mod=BOLD
(1,28) fg=White bg=Magenta mod=BOLD
(2,28) fg=White bg=Magenta mod=BOLD
(7,28) fg=Reset bg=Reset mod=DIM
(8,28) fg=Reset bg=Reset mod=DIM
(9,28) fg=Reset bg=Reset mod=DIM
(10,28) fg=Reset bg=Reset mod=DIM
(11,28) fg=Reset bg=Reset mod=DIM
(12,28) fg=Reset bg=Reset mod=DIM
(13,28) fg=Reset bg=Reset mod=DIM
(14,28) fg=Reset bg=Reset mod=DIM
(15,28) fg=Reset bg=Reset mod=DIM
(16,28) fg=Reset bg=Reset mod=DIM
(17,28) fg=Reset bg=Reset mod=DIM
(0,29) fg=White bg=DarkGray mod=-
(1,29) fg=White bg=DarkGray mod=-
(2,29) fg=White bg=DarkGray mod=-
(3,29) fg=White bg=DarkGray mod=-
(4,29) fg=White bg=DarkGray mod=-
(5,29) fg=White bg=DarkGray mod=-
(6,29) fg=White bg=DarkGray mod=-
(7,29) fg=Reset bg=Reset mod=DIM
(8,29) fg=Reset bg=Reset mod=DIM
(9,29) fg=Reset bg=Reset mod=DIM
(10,29) fg=Reset bg=Reset mod=DIM
(11,29) fg=Reset bg=Reset mod=DIM
(12,29) fg=Reset bg=Reset mod=DIM
(13,29) fg=Reset bg=Reset mod=DIM
(14,29) fg=Reset bg=Reset mod=DIM
(15,29) fg=Reset bg=Reset mod=DIM
(18,29) fg=White bg=DarkGray mod=-
(19,29) fg=White bg=DarkGray mod=-
(20,29) fg=White bg=DarkGray mod=-
(21,29) fg=White bg=DarkGray mod=-
(22,29) fg=White bg=DarkGray mod=-
(23,29) fg=White bg=DarkGray mod=-
(24,29) fg=White bg=DarkGray mod=-
(25,29) fg=White bg=DarkGray mod=-
(26,29) fg=Reset bg=Reset mod=DIM
(27,29) fg=Reset bg=Reset mod=DIM
(28,29) fg=Reset bg=Reset mod=DIM
(29,29) fg=Reset bg=Reset mod=DIM
(30,29) fg=Reset bg=Reset mod=DIM
(31,29) fg=Reset bg=Reset mod=DIM
(34,29) fg=White bg=DarkGray mod=-
(35,29) fg=White bg=DarkGray mod=-
(36,29) fg=White bg=DarkGray mod=-
(37,29) fg=White bg=DarkGray mod=-
(38,29) fg=White bg=DarkGray mod=-
(39,29) fg=Reset bg=Reset mod=DIM
(40,29) fg=Reset bg=Reset mod=DIM
(41,29) fg=Reset bg=Reset mod=DIM
(42,29) fg=Reset bg=Reset mod=DIM
(43,29) fg=Reset bg=Reset mod=DIM
(44,29) fg=Reset bg=Reset mod=DIM
(45,29) fg=Reset bg=Reset mod=DIM
(46,29) fg=Reset bg=Reset mod=DIM
(49,29) fg=White bg=DarkGray mod=-
(50,29) fg=White bg=DarkGray mod=-
(51,29) fg=White bg=DarkGray mod=-
(52,29) fg=White bg=DarkGray mod=-
(53,29) fg=White bg=DarkGray mod=-
(54,29) fg=White bg=DarkGray mod=-
(55,29) fg=Reset bg=Reset mod=DIM
(56,29) fg=Reset bg=Reset mod=DIM
(57,29) fg=Reset bg=Reset mod=DIM
(58,29) fg=Reset bg=Reset mod=DIM
(59,29) fg=Reset bg=Reset mod=DIM
(60,29) fg=Reset bg=Reset mod=DIM
(61,29) fg=White bg=DarkGray mod=-
(62,29) fg=White bg=DarkGray mod=-
(63,29) fg=White bg=DarkGray mod=-
(64,29) fg=White bg=DarkGray mod=-
(65,29) fg=White bg=DarkGray mod=-
(66,29) fg=White bg=DarkGray mod=-
(67,29) fg=Reset bg=Reset mod=DIM
(68,29) fg=Reset bg=Reset mod=DIM
(69,29) fg=Reset bg=Reset mod=DIM
(70,29) fg=Reset bg=Reset mod=DIM
(71,29) fg=Reset bg=Reset mod=DIM
